Calling target program-options parser
[16:22:16.122] [bmv2] [D] [thread 129873] Set default default entry for table 'tbl_update_state': MyIngress.update_state - 
[16:22:16.122] [bmv2] [D] [thread 129873] Set default default entry for table 'tbl_drop_packet': MyIngress.drop_packet - 
[16:22:16.122] [bmv2] [D] [thread 129873] Set default default entry for table 'tbl_drop_packet_0': MyIngress.drop_packet - 
[16:22:16.122] [bmv2] [D] [thread 129873] Set default default entry for table 'tbl_drop_packet_1': MyIngress.drop_packet - 
[16:22:16.122] [bmv2] [D] [thread 129873] Set default default entry for table 'tbl_drop_packet_2': MyIngress.drop_packet - 
Adding interface veth0 as port 0
[16:22:16.122] [bmv2] [D] [thread 129873] Adding interface veth0 as port 0
Adding interface veth2 as port 1
[16:22:16.123] [bmv2] [D] [thread 129873] Adding interface veth2 as port 1
[16:22:16.138] [bmv2] [I] [thread 129873] Starting Thrift server on port 9090
[16:22:16.138] [bmv2] [I] [thread 129873] Thrift server was started
[16:22:51.595] [bmv2] [D] [thread 129879] [0.0] [cxt 0] Processing packet received on port 0
[16:22:51.595] [bmv2] [D] [thread 129879] [0.0] [cxt 0] Parser 'parser': start
[16:22:51.595] [bmv2] [D] [thread 129879] [0.0] [cxt 0] Parser 'parser' entering state 'start'
[16:22:51.595] [bmv2] [D] [thread 129879] [0.0] [cxt 0] Extracting header 'ethernet'
[16:22:51.595] [bmv2] [D] [thread 129879] [0.0] [cxt 0] Parser state 'start': key is 88b8
[16:22:51.595] [bmv2] [T] [thread 129879] [0.0] [cxt 0] Bytes parsed: 14
[16:22:51.595] [bmv2] [D] [thread 129879] [0.0] [cxt 0] Parser 'parser' entering state 'parse_goose'
[16:22:51.595] [bmv2] [D] [thread 129879] [0.0] [cxt 0] Extracting header 'goose'
[16:22:51.595] [bmv2] [D] [thread 129879] [0.0] [cxt 0] Parser state 'parse_goose' has no switch, going to default next state
[16:22:51.595] [bmv2] [T] [thread 129879] [0.0] [cxt 0] Bytes parsed: 34
[16:22:51.595] [bmv2] [D] [thread 129879] [0.0] [cxt 0] Parser 'parser': end
[16:22:51.595] [bmv2] [D] [thread 129879] [0.0] [cxt 0] Pipeline 'ingress': start
[16:22:51.595] [bmv2] [T] [thread 129879] [0.0] [cxt 0] p4c/goose_ids.p4(92) Condition "hdr.goose.isValid()" (node_2) is true
[16:22:51.595] [bmv2] [T] [thread 129879] [0.0] [cxt 0] Applying table 'tbl_update_state'
[16:22:51.595] [bmv2] [D] [thread 129879] [0.0] [cxt 0] Looking up key:

[16:22:51.595] [bmv2] [D] [thread 129879] [0.0] [cxt 0] Table 'tbl_update_state': miss
[16:22:51.595] [bmv2] [D] [thread 129879] [0.0] [cxt 0] Action entry is MyIngress.update_state - 
[16:22:51.595] [bmv2] [T] [thread 129879] [0.0] [cxt 0] Action MyIngress.update_state
[16:22:51.595] [bmv2] [T] [thread 129879] [0.0] [cxt 0] p4c/goose_ids.p4(64) Primitive last_stnum_reg.read(last_stnum, 0)
[16:22:51.595] [bmv2] [T] [thread 129879] [0.0] [cxt 0] Read register 'last_stnum_reg' at index 0 read value 0
[16:22:51.595] [bmv2] [T] [thread 129879] [0.0] [cxt 0] p4c/goose_ids.p4(65) Primitive last_sqnum_reg.read(last_sqnum, 0)
[16:22:51.595] [bmv2] [T] [thread 129879] [0.0] [cxt 0] Read register 'last_sqnum_reg' at index 0 read value 0
[16:22:51.595] [bmv2] [T] [thread 129879] [0.0] [cxt 0] p4c/goose_ids.p4(66) Primitive last_timestamp_reg.read(last_timestamp, 0)
[16:22:51.595] [bmv2] [T] [thread 129879] [0.0] [cxt 0] Read register 'last_timestamp_reg' at index 0 read value 0
[16:22:51.595] [bmv2] [T] [thread 129879] [0.0] [cxt 0] p4c/goose_ids.p4(67) Primitive state_valid_reg.read(state_valid, 0)
[16:22:51.595] [bmv2] [T] [thread 129879] [0.0] [cxt 0] Read register 'state_valid_reg' at index 0 read value 0
[16:22:51.595] [bmv2] [T] [thread 129879] [0.0] [cxt 0] p4c/goose_ids.p4(70) Primitive if
[16:22:51.595] [bmv2] [T] [thread 129879] [0.0] [cxt 0] p4c/goose_ids.p4(75) Primitive meta.sqdiff = 0
[16:22:51.595] [bmv2] [T] [thread 129879] [0.0] [cxt 0] p4c/goose_ids.p4(76) Primitive meta.stdiff = 0
[16:22:51.595] [bmv2] [T] [thread 129879] [0.0] [cxt 0] p4c/goose_ids.p4(77) Primitive meta.tdiff = 0
[16:22:51.595] [bmv2] [T] [thread 129879] [0.0] [cxt 0] p4c/goose_ids.p4(81) Primitive last_stnum_reg.write(0, hdr.goose.stnum)
[16:22:51.595] [bmv2] [T] [thread 129879] [0.0] [cxt 0] Wrote register 'last_stnum_reg' at index 0 with value 100
[16:22:51.595] [bmv2] [T] [thread 129879] [0.0] [cxt 0] p4c/goose_ids.p4(82) Primitive last_sqnum_reg.write(0, hdr.goose.sqnum)
[16:22:51.595] [bmv2] [T] [thread 129879] [0.0] [cxt 0] Wrote register 'last_sqnum_reg' at index 0 with value 10
[16:22:51.595] [bmv2] [T] [thread 129879] [0.0] [cxt 0] p4c/goose_ids.p4(83) Primitive last_timestamp_reg.write(0, hdr.goose.timestamp)
[16:22:51.595] [bmv2] [T] [thread 129879] [0.0] [cxt 0] Wrote register 'last_timestamp_reg' at index 0 with value 1778786571590
[16:22:51.595] [bmv2] [T] [thread 129879] [0.0] [cxt 0] p4c/goose_ids.p4(84) Primitive state_valid_reg.write(0, 1)
[16:22:51.595] [bmv2] [T] [thread 129879] [0.0] [cxt 0] Wrote register 'state_valid_reg' at index 0 with value 1
[16:22:51.595] [bmv2] [T] [thread 129879] [0.0] [cxt 0] p4c/goose_ids.p4(96) Condition "hdr.goose.sqnum < 5 && meta.tdiff > 1500000" (node_4) is false
[16:22:51.595] [bmv2] [T] [thread 129879] [0.0] [cxt 0] p4c/goose_ids.p4(100) Condition "hdr.goose.sqnum < 5 && hdr.goose.stnum < 30" (node_6) is false
[16:22:51.595] [bmv2] [T] [thread 129879] [0.0] [cxt 0] p4c/goose_ids.p4(104) Condition "hdr.goose.sqnum > 80 && meta.sqdiff > 100" (node_8) is false
[16:22:51.595] [bmv2] [T] [thread 129879] [0.0] [cxt 0] p4c/goose_ids.p4(108) Condition "hdr.goose.sqnum > 55 && hdr.goose.stnum < 100" (node_10) is false
[16:22:51.595] [bmv2] [D] [thread 129879] [0.0] [cxt 0] Pipeline 'ingress': end
[16:22:51.595] [bmv2] [D] [thread 129879] [0.0] [cxt 0] Egress port is 0
[16:22:51.595] [bmv2] [D] [thread 129880] [0.0] [cxt 0] Pipeline 'egress': start
[16:22:51.595] [bmv2] [D] [thread 129880] [0.0] [cxt 0] Pipeline 'egress': end
[16:22:51.595] [bmv2] [D] [thread 129880] [0.0] [cxt 0] Deparser 'deparser': start
[16:22:51.595] [bmv2] [D] [thread 129880] [0.0] [cxt 0] Deparsing header 'ethernet'
[16:22:51.595] [bmv2] [D] [thread 129880] [0.0] [cxt 0] Deparsing header 'goose'
[16:22:51.595] [bmv2] [D] [thread 129880] [0.0] [cxt 0] Deparser 'deparser': end
[16:22:51.595] [bmv2] [D] [thread 129884] [0.0] [cxt 0] Transmitting packet of size 34 out of port 0
[16:22:52.115] [bmv2] [D] [thread 129879] [1.0] [cxt 0] Processing packet received on port 0
[16:22:52.115] [bmv2] [D] [thread 129879] [1.0] [cxt 0] Parser 'parser': start
[16:22:52.115] [bmv2] [D] [thread 129879] [1.0] [cxt 0] Parser 'parser' entering state 'start'
[16:22:52.115] [bmv2] [D] [thread 129879] [1.0] [cxt 0] Extracting header 'ethernet'
[16:22:52.115] [bmv2] [D] [thread 129879] [1.0] [cxt 0] Parser state 'start': key is 88b8
[16:22:52.115] [bmv2] [T] [thread 129879] [1.0] [cxt 0] Bytes parsed: 14
[16:22:52.115] [bmv2] [D] [thread 129879] [1.0] [cxt 0] Parser 'parser' entering state 'parse_goose'
[16:22:52.115] [bmv2] [D] [thread 129879] [1.0] [cxt 0] Extracting header 'goose'
[16:22:52.115] [bmv2] [D] [thread 129879] [1.0] [cxt 0] Parser state 'parse_goose' has no switch, going to default next state
[16:22:52.115] [bmv2] [T] [thread 129879] [1.0] [cxt 0] Bytes parsed: 34
[16:22:52.115] [bmv2] [D] [thread 129879] [1.0] [cxt 0] Parser 'parser': end
[16:22:52.115] [bmv2] [D] [thread 129879] [1.0] [cxt 0] Pipeline 'ingress': start
[16:22:52.115] [bmv2] [T] [thread 129879] [1.0] [cxt 0] p4c/goose_ids.p4(92) Condition "hdr.goose.isValid()" (node_2) is true
[16:22:52.115] [bmv2] [T] [thread 129879] [1.0] [cxt 0] Applying table 'tbl_update_state'
[16:22:52.115] [bmv2] [D] [thread 129879] [1.0] [cxt 0] Looking up key:

[16:22:52.115] [bmv2] [D] [thread 129879] [1.0] [cxt 0] Table 'tbl_update_state': miss
[16:22:52.115] [bmv2] [D] [thread 129879] [1.0] [cxt 0] Action entry is MyIngress.update_state - 
[16:22:52.115] [bmv2] [T] [thread 129879] [1.0] [cxt 0] Action MyIngress.update_state
[16:22:52.115] [bmv2] [T] [thread 129879] [1.0] [cxt 0] p4c/goose_ids.p4(64) Primitive last_stnum_reg.read(last_stnum, 0)
[16:22:52.115] [bmv2] [T] [thread 129879] [1.0] [cxt 0] Read register 'last_stnum_reg' at index 0 read value 100
[16:22:52.115] [bmv2] [T] [thread 129879] [1.0] [cxt 0] p4c/goose_ids.p4(65) Primitive last_sqnum_reg.read(last_sqnum, 0)
[16:22:52.115] [bmv2] [T] [thread 129879] [1.0] [cxt 0] Read register 'last_sqnum_reg' at index 0 read value 10
[16:22:52.115] [bmv2] [T] [thread 129879] [1.0] [cxt 0] p4c/goose_ids.p4(66) Primitive last_timestamp_reg.read(last_timestamp, 0)
[16:22:52.115] [bmv2] [T] [thread 129879] [1.0] [cxt 0] Read register 'last_timestamp_reg' at index 0 read value 1778786571590
[16:22:52.115] [bmv2] [T] [thread 129879] [1.0] [cxt 0] p4c/goose_ids.p4(67) Primitive state_valid_reg.read(state_valid, 0)
[16:22:52.115] [bmv2] [T] [thread 129879] [1.0] [cxt 0] Read register 'state_valid_reg' at index 0 read value 1
[16:22:52.115] [bmv2] [T] [thread 129879] [1.0] [cxt 0] p4c/goose_ids.p4(70) Primitive if
[16:22:52.115] [bmv2] [T] [thread 129879] [1.0] [cxt 0] p4c/goose_ids.p4(71) Primitive meta.sqdiff = hdr.goose.sqnum - last_sqnum
[16:22:52.115] [bmv2] [T] [thread 129879] [1.0] [cxt 0] p4c/goose_ids.p4(72) Primitive meta.stdiff = hdr.goose.stnum - last_stnum
[16:22:52.115] [bmv2] [T] [thread 129879] [1.0] [cxt 0] p4c/goose_ids.p4(73) Primitive meta.tdiff = (bit<32>)(hdr.goose.timestamp - last_timestamp)
[16:22:52.115] [bmv2] [T] [thread 129879] [1.0] [cxt 0] p4c/goose_ids.p4(70) Primitive if
[16:22:52.115] [bmv2] [T] [thread 129879] [1.0] [cxt 0] p4c/goose_ids.p4(81) Primitive last_stnum_reg.write(0, hdr.goose.stnum)
[16:22:52.115] [bmv2] [T] [thread 129879] [1.0] [cxt 0] Wrote register 'last_stnum_reg' at index 0 with value 20
[16:22:52.115] [bmv2] [T] [thread 129879] [1.0] [cxt 0] p4c/goose_ids.p4(82) Primitive last_sqnum_reg.write(0, hdr.goose.sqnum)
[16:22:52.115] [bmv2] [T] [thread 129879] [1.0] [cxt 0] Wrote register 'last_sqnum_reg' at index 0 with value 3
[16:22:52.115] [bmv2] [T] [thread 129879] [1.0] [cxt 0] p4c/goose_ids.p4(83) Primitive last_timestamp_reg.write(0, hdr.goose.timestamp)
[16:22:52.115] [bmv2] [T] [thread 129879] [1.0] [cxt 0] Wrote register 'last_timestamp_reg' at index 0 with value 1778786570606
[16:22:52.115] [bmv2] [T] [thread 129879] [1.0] [cxt 0] p4c/goose_ids.p4(84) Primitive state_valid_reg.write(0, 1)
[16:22:52.115] [bmv2] [T] [thread 129879] [1.0] [cxt 0] Wrote register 'state_valid_reg' at index 0 with value 1
[16:22:52.115] [bmv2] [T] [thread 129879] [1.0] [cxt 0] p4c/goose_ids.p4(96) Condition "hdr.goose.sqnum < 5 && meta.tdiff > 1500000" (node_4) is true
[16:22:52.115] [bmv2] [T] [thread 129879] [1.0] [cxt 0] Applying table 'tbl_drop_packet'
[16:22:52.115] [bmv2] [D] [thread 129879] [1.0] [cxt 0] Looking up key:

[16:22:52.115] [bmv2] [D] [thread 129879] [1.0] [cxt 0] Table 'tbl_drop_packet': miss
[16:22:52.115] [bmv2] [D] [thread 129879] [1.0] [cxt 0] Action entry is MyIngress.drop_packet - 
[16:22:52.115] [bmv2] [T] [thread 129879] [1.0] [cxt 0] Action MyIngress.drop_packet
[16:22:52.115] [bmv2] [T] [thread 129879] [1.0] [cxt 0] p4c/goose_ids.p4(88) Primitive mark_to_drop(standard_metadata)
[16:22:52.115] [bmv2] [D] [thread 129879] [1.0] [cxt 0] Pipeline 'ingress': end
[16:22:52.115] [bmv2] [D] [thread 129879] [1.0] [cxt 0] Egress port is 511
[16:22:52.115] [bmv2] [D] [thread 129879] [1.0] [cxt 0] Dropping packet at the end of ingress
[16:22:52.637] [bmv2] [D] [thread 129879] [2.0] [cxt 0] Processing packet received on port 0
[16:22:52.637] [bmv2] [D] [thread 129879] [2.0] [cxt 0] Parser 'parser': start
[16:22:52.637] [bmv2] [D] [thread 129879] [2.0] [cxt 0] Parser 'parser' entering state 'start'
[16:22:52.637] [bmv2] [D] [thread 129879] [2.0] [cxt 0] Extracting header 'ethernet'
[16:22:52.637] [bmv2] [D] [thread 129879] [2.0] [cxt 0] Parser state 'start': key is 88b8
[16:22:52.637] [bmv2] [T] [thread 129879] [2.0] [cxt 0] Bytes parsed: 14
[16:22:52.637] [bmv2] [D] [thread 129879] [2.0] [cxt 0] Parser 'parser' entering state 'parse_goose'
[16:22:52.637] [bmv2] [D] [thread 129879] [2.0] [cxt 0] Extracting header 'goose'
[16:22:52.637] [bmv2] [D] [thread 129879] [2.0] [cxt 0] Parser state 'parse_goose' has no switch, going to default next state
[16:22:52.637] [bmv2] [T] [thread 129879] [2.0] [cxt 0] Bytes parsed: 34
[16:22:52.637] [bmv2] [D] [thread 129879] [2.0] [cxt 0] Parser 'parser': end
[16:22:52.637] [bmv2] [D] [thread 129879] [2.0] [cxt 0] Pipeline 'ingress': start
[16:22:52.637] [bmv2] [T] [thread 129879] [2.0] [cxt 0] p4c/goose_ids.p4(92) Condition "hdr.goose.isValid()" (node_2) is true
[16:22:52.637] [bmv2] [T] [thread 129879] [2.0] [cxt 0] Applying table 'tbl_update_state'
[16:22:52.637] [bmv2] [D] [thread 129879] [2.0] [cxt 0] Looking up key:

[16:22:52.637] [bmv2] [D] [thread 129879] [2.0] [cxt 0] Table 'tbl_update_state': miss
[16:22:52.637] [bmv2] [D] [thread 129879] [2.0] [cxt 0] Action entry is MyIngress.update_state - 
[16:22:52.637] [bmv2] [T] [thread 129879] [2.0] [cxt 0] Action MyIngress.update_state
[16:22:52.637] [bmv2] [T] [thread 129879] [2.0] [cxt 0] p4c/goose_ids.p4(64) Primitive last_stnum_reg.read(last_stnum, 0)
[16:22:52.637] [bmv2] [T] [thread 129879] [2.0] [cxt 0] Read register 'last_stnum_reg' at index 0 read value 20
[16:22:52.637] [bmv2] [T] [thread 129879] [2.0] [cxt 0] p4c/goose_ids.p4(65) Primitive last_sqnum_reg.read(last_sqnum, 0)
[16:22:52.637] [bmv2] [T] [thread 129879] [2.0] [cxt 0] Read register 'last_sqnum_reg' at index 0 read value 3
[16:22:52.637] [bmv2] [T] [thread 129879] [2.0] [cxt 0] p4c/goose_ids.p4(66) Primitive last_timestamp_reg.read(last_timestamp, 0)
[16:22:52.637] [bmv2] [T] [thread 129879] [2.0] [cxt 0] Read register 'last_timestamp_reg' at index 0 read value 1778786570606
[16:22:52.637] [bmv2] [T] [thread 129879] [2.0] [cxt 0] p4c/goose_ids.p4(67) Primitive state_valid_reg.read(state_valid, 0)
[16:22:52.637] [bmv2] [T] [thread 129879] [2.0] [cxt 0] Read register 'state_valid_reg' at index 0 read value 1
[16:22:52.637] [bmv2] [T] [thread 129879] [2.0] [cxt 0] p4c/goose_ids.p4(70) Primitive if
[16:22:52.637] [bmv2] [T] [thread 129879] [2.0] [cxt 0] p4c/goose_ids.p4(71) Primitive meta.sqdiff = hdr.goose.sqnum - last_sqnum
[16:22:52.637] [bmv2] [T] [thread 129879] [2.0] [cxt 0] p4c/goose_ids.p4(72) Primitive meta.stdiff = hdr.goose.stnum - last_stnum
[16:22:52.637] [bmv2] [T] [thread 129879] [2.0] [cxt 0] p4c/goose_ids.p4(73) Primitive meta.tdiff = (bit<32>)(hdr.goose.timestamp - last_timestamp)
[16:22:52.637] [bmv2] [T] [thread 129879] [2.0] [cxt 0] p4c/goose_ids.p4(70) Primitive if
[16:22:52.637] [bmv2] [T] [thread 129879] [2.0] [cxt 0] p4c/goose_ids.p4(81) Primitive last_stnum_reg.write(0, hdr.goose.stnum)
[16:22:52.637] [bmv2] [T] [thread 129879] [2.0] [cxt 0] Wrote register 'last_stnum_reg' at index 0 with value 50
[16:22:52.637] [bmv2] [T] [thread 129879] [2.0] [cxt 0] p4c/goose_ids.p4(82) Primitive last_sqnum_reg.write(0, hdr.goose.sqnum)
[16:22:52.637] [bmv2] [T] [thread 129879] [2.0] [cxt 0] Wrote register 'last_sqnum_reg' at index 0 with value 2
[16:22:52.637] [bmv2] [T] [thread 129879] [2.0] [cxt 0] p4c/goose_ids.p4(83) Primitive last_timestamp_reg.write(0, hdr.goose.timestamp)
[16:22:52.637] [bmv2] [T] [thread 129879] [2.0] [cxt 0] Wrote register 'last_timestamp_reg' at index 0 with value 1778786570628
[16:22:52.637] [bmv2] [T] [thread 129879] [2.0] [cxt 0] p4c/goose_ids.p4(84) Primitive state_valid_reg.write(0, 1)
[16:22:52.637] [bmv2] [T] [thread 129879] [2.0] [cxt 0] Wrote register 'state_valid_reg' at index 0 with value 1
[16:22:52.637] [bmv2] [T] [thread 129879] [2.0] [cxt 0] p4c/goose_ids.p4(96) Condition "hdr.goose.sqnum < 5 && meta.tdiff > 1500000" (node_4) is false
[16:22:52.637] [bmv2] [T] [thread 129879] [2.0] [cxt 0] p4c/goose_ids.p4(100) Condition "hdr.goose.sqnum < 5 && hdr.goose.stnum < 30" (node_6) is false
[16:22:52.637] [bmv2] [T] [thread 129879] [2.0] [cxt 0] p4c/goose_ids.p4(104) Condition "hdr.goose.sqnum > 80 && meta.sqdiff > 100" (node_8) is false
[16:22:52.637] [bmv2] [T] [thread 129879] [2.0] [cxt 0] p4c/goose_ids.p4(108) Condition "hdr.goose.sqnum > 55 && hdr.goose.stnum < 100" (node_10) is false
[16:22:52.637] [bmv2] [D] [thread 129879] [2.0] [cxt 0] Pipeline 'ingress': end
[16:22:52.637] [bmv2] [D] [thread 129879] [2.0] [cxt 0] Egress port is 0
[16:22:52.637] [bmv2] [D] [thread 129880] [2.0] [cxt 0] Pipeline 'egress': start
[16:22:52.637] [bmv2] [D] [thread 129880] [2.0] [cxt 0] Pipeline 'egress': end
[16:22:52.637] [bmv2] [D] [thread 129880] [2.0] [cxt 0] Deparser 'deparser': start
[16:22:52.637] [bmv2] [D] [thread 129880] [2.0] [cxt 0] Deparsing header 'ethernet'
[16:22:52.637] [bmv2] [D] [thread 129880] [2.0] [cxt 0] Deparsing header 'goose'
[16:22:52.637] [bmv2] [D] [thread 129880] [2.0] [cxt 0] Deparser 'deparser': end
[16:22:52.637] [bmv2] [D] [thread 129884] [2.0] [cxt 0] Transmitting packet of size 34 out of port 0
[16:22:53.161] [bmv2] [D] [thread 129879] [3.0] [cxt 0] Processing packet received on port 0
[16:22:53.161] [bmv2] [D] [thread 129879] [3.0] [cxt 0] Parser 'parser': start
[16:22:53.161] [bmv2] [D] [thread 129879] [3.0] [cxt 0] Parser 'parser' entering state 'start'
[16:22:53.161] [bmv2] [D] [thread 129879] [3.0] [cxt 0] Extracting header 'ethernet'
[16:22:53.161] [bmv2] [D] [thread 129879] [3.0] [cxt 0] Parser state 'start': key is 88b8
[16:22:53.161] [bmv2] [T] [thread 129879] [3.0] [cxt 0] Bytes parsed: 14
[16:22:53.161] [bmv2] [D] [thread 129879] [3.0] [cxt 0] Parser 'parser' entering state 'parse_goose'
[16:22:53.161] [bmv2] [D] [thread 129879] [3.0] [cxt 0] Extracting header 'goose'
[16:22:53.161] [bmv2] [D] [thread 129879] [3.0] [cxt 0] Parser state 'parse_goose' has no switch, going to default next state
[16:22:53.161] [bmv2] [T] [thread 129879] [3.0] [cxt 0] Bytes parsed: 34
[16:22:53.161] [bmv2] [D] [thread 129879] [3.0] [cxt 0] Parser 'parser': end
[16:22:53.161] [bmv2] [D] [thread 129879] [3.0] [cxt 0] Pipeline 'ingress': start
[16:22:53.161] [bmv2] [T] [thread 129879] [3.0] [cxt 0] p4c/goose_ids.p4(92) Condition "hdr.goose.isValid()" (node_2) is true
[16:22:53.161] [bmv2] [T] [thread 129879] [3.0] [cxt 0] Applying table 'tbl_update_state'
[16:22:53.161] [bmv2] [D] [thread 129879] [3.0] [cxt 0] Looking up key:

[16:22:53.161] [bmv2] [D] [thread 129879] [3.0] [cxt 0] Table 'tbl_update_state': miss
[16:22:53.161] [bmv2] [D] [thread 129879] [3.0] [cxt 0] Action entry is MyIngress.update_state - 
[16:22:53.161] [bmv2] [T] [thread 129879] [3.0] [cxt 0] Action MyIngress.update_state
[16:22:53.161] [bmv2] [T] [thread 129879] [3.0] [cxt 0] p4c/goose_ids.p4(64) Primitive last_stnum_reg.read(last_stnum, 0)
[16:22:53.161] [bmv2] [T] [thread 129879] [3.0] [cxt 0] Read register 'last_stnum_reg' at index 0 read value 50
[16:22:53.161] [bmv2] [T] [thread 129879] [3.0] [cxt 0] p4c/goose_ids.p4(65) Primitive last_sqnum_reg.read(last_sqnum, 0)
[16:22:53.161] [bmv2] [T] [thread 129879] [3.0] [cxt 0] Read register 'last_sqnum_reg' at index 0 read value 2
[16:22:53.161] [bmv2] [T] [thread 129879] [3.0] [cxt 0] p4c/goose_ids.p4(66) Primitive last_timestamp_reg.read(last_timestamp, 0)
[16:22:53.161] [bmv2] [T] [thread 129879] [3.0] [cxt 0] Read register 'last_timestamp_reg' at index 0 read value 1778786570628
[16:22:53.161] [bmv2] [T] [thread 129879] [3.0] [cxt 0] p4c/goose_ids.p4(67) Primitive state_valid_reg.read(state_valid, 0)
[16:22:53.161] [bmv2] [T] [thread 129879] [3.0] [cxt 0] Read register 'state_valid_reg' at index 0 read value 1
[16:22:53.161] [bmv2] [T] [thread 129879] [3.0] [cxt 0] p4c/goose_ids.p4(70) Primitive if
[16:22:53.161] [bmv2] [T] [thread 129879] [3.0] [cxt 0] p4c/goose_ids.p4(71) Primitive meta.sqdiff = hdr.goose.sqnum - last_sqnum
[16:22:53.161] [bmv2] [T] [thread 129879] [3.0] [cxt 0] p4c/goose_ids.p4(72) Primitive meta.stdiff = hdr.goose.stnum - last_stnum
[16:22:53.161] [bmv2] [T] [thread 129879] [3.0] [cxt 0] p4c/goose_ids.p4(73) Primitive meta.tdiff = (bit<32>)(hdr.goose.timestamp - last_timestamp)
[16:22:53.161] [bmv2] [T] [thread 129879] [3.0] [cxt 0] p4c/goose_ids.p4(70) Primitive if
[16:22:53.161] [bmv2] [T] [thread 129879] [3.0] [cxt 0] p4c/goose_ids.p4(81) Primitive last_stnum_reg.write(0, hdr.goose.stnum)
[16:22:53.161] [bmv2] [T] [thread 129879] [3.0] [cxt 0] Wrote register 'last_stnum_reg' at index 0 with value 10
[16:22:53.161] [bmv2] [T] [thread 129879] [3.0] [cxt 0] p4c/goose_ids.p4(82) Primitive last_sqnum_reg.write(0, hdr.goose.sqnum)
[16:22:53.161] [bmv2] [T] [thread 129879] [3.0] [cxt 0] Wrote register 'last_sqnum_reg' at index 0 with value 50
[16:22:53.161] [bmv2] [T] [thread 129879] [3.0] [cxt 0] p4c/goose_ids.p4(83) Primitive last_timestamp_reg.write(0, hdr.goose.timestamp)
[16:22:53.161] [bmv2] [T] [thread 129879] [3.0] [cxt 0] Wrote register 'last_timestamp_reg' at index 0 with value 1778786573156
[16:22:53.161] [bmv2] [T] [thread 129879] [3.0] [cxt 0] p4c/goose_ids.p4(84) Primitive state_valid_reg.write(0, 1)
[16:22:53.161] [bmv2] [T] [thread 129879] [3.0] [cxt 0] Wrote register 'state_valid_reg' at index 0 with value 1
[16:22:53.161] [bmv2] [T] [thread 129879] [3.0] [cxt 0] p4c/goose_ids.p4(96) Condition "hdr.goose.sqnum < 5 && meta.tdiff > 1500000" (node_4) is false
[16:22:53.161] [bmv2] [T] [thread 129879] [3.0] [cxt 0] p4c/goose_ids.p4(100) Condition "hdr.goose.sqnum < 5 && hdr.goose.stnum < 30" (node_6) is false
[16:22:53.161] [bmv2] [T] [thread 129879] [3.0] [cxt 0] p4c/goose_ids.p4(104) Condition "hdr.goose.sqnum > 80 && meta.sqdiff > 100" (node_8) is false
[16:22:53.161] [bmv2] [T] [thread 129879] [3.0] [cxt 0] p4c/goose_ids.p4(108) Condition "hdr.goose.sqnum > 55 && hdr.goose.stnum < 100" (node_10) is false
[16:22:53.161] [bmv2] [D] [thread 129879] [3.0] [cxt 0] Pipeline 'ingress': end
[16:22:53.161] [bmv2] [D] [thread 129879] [3.0] [cxt 0] Egress port is 0
[16:22:53.161] [bmv2] [D] [thread 129880] [3.0] [cxt 0] Pipeline 'egress': start
[16:22:53.161] [bmv2] [D] [thread 129880] [3.0] [cxt 0] Pipeline 'egress': end
[16:22:53.161] [bmv2] [D] [thread 129880] [3.0] [cxt 0] Deparser 'deparser': start
[16:22:53.161] [bmv2] [D] [thread 129880] [3.0] [cxt 0] Deparsing header 'ethernet'
[16:22:53.161] [bmv2] [D] [thread 129880] [3.0] [cxt 0] Deparsing header 'goose'
[16:22:53.161] [bmv2] [D] [thread 129880] [3.0] [cxt 0] Deparser 'deparser': end
[16:22:53.161] [bmv2] [D] [thread 129884] [3.0] [cxt 0] Transmitting packet of size 34 out of port 0
[16:22:53.384] [bmv2] [D] [thread 129879] [4.0] [cxt 0] Processing packet received on port 0
[16:22:53.384] [bmv2] [D] [thread 129879] [4.0] [cxt 0] Parser 'parser': start
[16:22:53.384] [bmv2] [D] [thread 129879] [4.0] [cxt 0] Parser 'parser' entering state 'start'
[16:22:53.384] [bmv2] [D] [thread 129879] [4.0] [cxt 0] Extracting header 'ethernet'
[16:22:53.384] [bmv2] [D] [thread 129879] [4.0] [cxt 0] Parser state 'start': key is 88b8
[16:22:53.384] [bmv2] [T] [thread 129879] [4.0] [cxt 0] Bytes parsed: 14
[16:22:53.384] [bmv2] [D] [thread 129879] [4.0] [cxt 0] Parser 'parser' entering state 'parse_goose'
[16:22:53.384] [bmv2] [D] [thread 129879] [4.0] [cxt 0] Extracting header 'goose'
[16:22:53.384] [bmv2] [D] [thread 129879] [4.0] [cxt 0] Parser state 'parse_goose' has no switch, going to default next state
[16:22:53.384] [bmv2] [T] [thread 129879] [4.0] [cxt 0] Bytes parsed: 34
[16:22:53.384] [bmv2] [D] [thread 129879] [4.0] [cxt 0] Parser 'parser': end
[16:22:53.384] [bmv2] [D] [thread 129879] [4.0] [cxt 0] Pipeline 'ingress': start
[16:22:53.384] [bmv2] [T] [thread 129879] [4.0] [cxt 0] p4c/goose_ids.p4(92) Condition "hdr.goose.isValid()" (node_2) is true
[16:22:53.384] [bmv2] [T] [thread 129879] [4.0] [cxt 0] Applying table 'tbl_update_state'
[16:22:53.384] [bmv2] [D] [thread 129879] [4.0] [cxt 0] Looking up key:

[16:22:53.384] [bmv2] [D] [thread 129879] [4.0] [cxt 0] Table 'tbl_update_state': miss
[16:22:53.384] [bmv2] [D] [thread 129879] [4.0] [cxt 0] Action entry is MyIngress.update_state - 
[16:22:53.384] [bmv2] [T] [thread 129879] [4.0] [cxt 0] Action MyIngress.update_state
[16:22:53.384] [bmv2] [T] [thread 129879] [4.0] [cxt 0] p4c/goose_ids.p4(64) Primitive last_stnum_reg.read(last_stnum, 0)
[16:22:53.384] [bmv2] [T] [thread 129879] [4.0] [cxt 0] Read register 'last_stnum_reg' at index 0 read value 10
[16:22:53.384] [bmv2] [T] [thread 129879] [4.0] [cxt 0] p4c/goose_ids.p4(65) Primitive last_sqnum_reg.read(last_sqnum, 0)
[16:22:53.384] [bmv2] [T] [thread 129879] [4.0] [cxt 0] Read register 'last_sqnum_reg' at index 0 read value 50
[16:22:53.384] [bmv2] [T] [thread 129879] [4.0] [cxt 0] p4c/goose_ids.p4(66) Primitive last_timestamp_reg.read(last_timestamp, 0)
[16:22:53.384] [bmv2] [T] [thread 129879] [4.0] [cxt 0] Read register 'last_timestamp_reg' at index 0 read value 1778786573156
[16:22:53.384] [bmv2] [T] [thread 129879] [4.0] [cxt 0] p4c/goose_ids.p4(67) Primitive state_valid_reg.read(state_valid, 0)
[16:22:53.384] [bmv2] [T] [thread 129879] [4.0] [cxt 0] Read register 'state_valid_reg' at index 0 read value 1
[16:22:53.384] [bmv2] [T] [thread 129879] [4.0] [cxt 0] p4c/goose_ids.p4(70) Primitive if
[16:22:53.384] [bmv2] [T] [thread 129879] [4.0] [cxt 0] p4c/goose_ids.p4(71) Primitive meta.sqdiff = hdr.goose.sqnum - last_sqnum
[16:22:53.384] [bmv2] [T] [thread 129879] [4.0] [cxt 0] p4c/goose_ids.p4(72) Primitive meta.stdiff = hdr.goose.stnum - last_stnum
[16:22:53.384] [bmv2] [T] [thread 129879] [4.0] [cxt 0] p4c/goose_ids.p4(73) Primitive meta.tdiff = (bit<32>)(hdr.goose.timestamp - last_timestamp)
[16:22:53.384] [bmv2] [T] [thread 129879] [4.0] [cxt 0] p4c/goose_ids.p4(70) Primitive if
[16:22:53.384] [bmv2] [T] [thread 129879] [4.0] [cxt 0] p4c/goose_ids.p4(81) Primitive last_stnum_reg.write(0, hdr.goose.stnum)
[16:22:53.384] [bmv2] [T] [thread 129879] [4.0] [cxt 0] Wrote register 'last_stnum_reg' at index 0 with value 10
[16:22:53.384] [bmv2] [T] [thread 129879] [4.0] [cxt 0] p4c/goose_ids.p4(82) Primitive last_sqnum_reg.write(0, hdr.goose.sqnum)
[16:22:53.384] [bmv2] [T] [thread 129879] [4.0] [cxt 0] Wrote register 'last_sqnum_reg' at index 0 with value 170
[16:22:53.384] [bmv2] [T] [thread 129879] [4.0] [cxt 0] p4c/goose_ids.p4(83) Primitive last_timestamp_reg.write(0, hdr.goose.timestamp)
[16:22:53.384] [bmv2] [T] [thread 129879] [4.0] [cxt 0] Wrote register 'last_timestamp_reg' at index 0 with value 1778786573369
[16:22:53.384] [bmv2] [T] [thread 129879] [4.0] [cxt 0] p4c/goose_ids.p4(84) Primitive state_valid_reg.write(0, 1)
[16:22:53.384] [bmv2] [T] [thread 129879] [4.0] [cxt 0] Wrote register 'state_valid_reg' at index 0 with value 1
[16:22:53.384] [bmv2] [T] [thread 129879] [4.0] [cxt 0] p4c/goose_ids.p4(96) Condition "hdr.goose.sqnum < 5 && meta.tdiff > 1500000" (node_4) is false
[16:22:53.384] [bmv2] [T] [thread 129879] [4.0] [cxt 0] p4c/goose_ids.p4(100) Condition "hdr.goose.sqnum < 5 && hdr.goose.stnum < 30" (node_6) is false
[16:22:53.384] [bmv2] [T] [thread 129879] [4.0] [cxt 0] p4c/goose_ids.p4(104) Condition "hdr.goose.sqnum > 80 && meta.sqdiff > 100" (node_8) is true
[16:22:53.384] [bmv2] [T] [thread 129879] [4.0] [cxt 0] Applying table 'tbl_drop_packet_1'
[16:22:53.384] [bmv2] [D] [thread 129879] [4.0] [cxt 0] Looking up key:

[16:22:53.384] [bmv2] [D] [thread 129879] [4.0] [cxt 0] Table 'tbl_drop_packet_1': miss
[16:22:53.384] [bmv2] [D] [thread 129879] [4.0] [cxt 0] Action entry is MyIngress.drop_packet - 
[16:22:53.384] [bmv2] [T] [thread 129879] [4.0] [cxt 0] Action MyIngress.drop_packet
[16:22:53.384] [bmv2] [T] [thread 129879] [4.0] [cxt 0] p4c/goose_ids.p4(88) Primitive mark_to_drop(standard_metadata)
[16:22:53.384] [bmv2] [D] [thread 129879] [4.0] [cxt 0] Pipeline 'ingress': end
[16:22:53.384] [bmv2] [D] [thread 129879] [4.0] [cxt 0] Egress port is 511
[16:22:53.384] [bmv2] [D] [thread 129879] [4.0] [cxt 0] Dropping packet at the end of ingress
[16:22:53.893] [bmv2] [D] [thread 129879] [5.0] [cxt 0] Processing packet received on port 0
[16:22:53.893] [bmv2] [D] [thread 129879] [5.0] [cxt 0] Parser 'parser': start
[16:22:53.893] [bmv2] [D] [thread 129879] [5.0] [cxt 0] Parser 'parser' entering state 'start'
[16:22:53.893] [bmv2] [D] [thread 129879] [5.0] [cxt 0] Extracting header 'ethernet'
[16:22:53.893] [bmv2] [D] [thread 129879] [5.0] [cxt 0] Parser state 'start': key is 88b8
[16:22:53.893] [bmv2] [T] [thread 129879] [5.0] [cxt 0] Bytes parsed: 14
[16:22:53.893] [bmv2] [D] [thread 129879] [5.0] [cxt 0] Parser 'parser' entering state 'parse_goose'
[16:22:53.893] [bmv2] [D] [thread 129879] [5.0] [cxt 0] Extracting header 'goose'
[16:22:53.893] [bmv2] [D] [thread 129879] [5.0] [cxt 0] Parser state 'parse_goose' has no switch, going to default next state
[16:22:53.893] [bmv2] [T] [thread 129879] [5.0] [cxt 0] Bytes parsed: 34
[16:22:53.893] [bmv2] [D] [thread 129879] [5.0] [cxt 0] Parser 'parser': end
[16:22:53.893] [bmv2] [D] [thread 129879] [5.0] [cxt 0] Pipeline 'ingress': start
[16:22:53.893] [bmv2] [T] [thread 129879] [5.0] [cxt 0] p4c/goose_ids.p4(92) Condition "hdr.goose.isValid()" (node_2) is true
[16:22:53.893] [bmv2] [T] [thread 129879] [5.0] [cxt 0] Applying table 'tbl_update_state'
[16:22:53.893] [bmv2] [D] [thread 129879] [5.0] [cxt 0] Looking up key:

[16:22:53.893] [bmv2] [D] [thread 129879] [5.0] [cxt 0] Table 'tbl_update_state': miss
[16:22:53.893] [bmv2] [D] [thread 129879] [5.0] [cxt 0] Action entry is MyIngress.update_state - 
[16:22:53.893] [bmv2] [T] [thread 129879] [5.0] [cxt 0] Action MyIngress.update_state
[16:22:53.893] [bmv2] [T] [thread 129879] [5.0] [cxt 0] p4c/goose_ids.p4(64) Primitive last_stnum_reg.read(last_stnum, 0)
[16:22:53.893] [bmv2] [T] [thread 129879] [5.0] [cxt 0] Read register 'last_stnum_reg' at index 0 read value 10
[16:22:53.893] [bmv2] [T] [thread 129879] [5.0] [cxt 0] p4c/goose_ids.p4(65) Primitive last_sqnum_reg.read(last_sqnum, 0)
[16:22:53.893] [bmv2] [T] [thread 129879] [5.0] [cxt 0] Read register 'last_sqnum_reg' at index 0 read value 170
[16:22:53.893] [bmv2] [T] [thread 129879] [5.0] [cxt 0] p4c/goose_ids.p4(66) Primitive last_timestamp_reg.read(last_timestamp, 0)
[16:22:53.893] [bmv2] [T] [thread 129879] [5.0] [cxt 0] Read register 'last_timestamp_reg' at index 0 read value 1778786573369
[16:22:53.893] [bmv2] [T] [thread 129879] [5.0] [cxt 0] p4c/goose_ids.p4(67) Primitive state_valid_reg.read(state_valid, 0)
[16:22:53.893] [bmv2] [T] [thread 129879] [5.0] [cxt 0] Read register 'state_valid_reg' at index 0 read value 1
[16:22:53.893] [bmv2] [T] [thread 129879] [5.0] [cxt 0] p4c/goose_ids.p4(70) Primitive if
[16:22:53.893] [bmv2] [T] [thread 129879] [5.0] [cxt 0] p4c/goose_ids.p4(71) Primitive meta.sqdiff = hdr.goose.sqnum - last_sqnum
[16:22:53.893] [bmv2] [T] [thread 129879] [5.0] [cxt 0] p4c/goose_ids.p4(72) Primitive meta.stdiff = hdr.goose.stnum - last_stnum
[16:22:53.893] [bmv2] [T] [thread 129879] [5.0] [cxt 0] p4c/goose_ids.p4(73) Primitive meta.tdiff = (bit<32>)(hdr.goose.timestamp - last_timestamp)
[16:22:53.893] [bmv2] [T] [thread 129879] [5.0] [cxt 0] p4c/goose_ids.p4(70) Primitive if
[16:22:53.893] [bmv2] [T] [thread 129879] [5.0] [cxt 0] p4c/goose_ids.p4(81) Primitive last_stnum_reg.write(0, hdr.goose.stnum)
[16:22:53.893] [bmv2] [T] [thread 129879] [5.0] [cxt 0] Wrote register 'last_stnum_reg' at index 0 with value 50
[16:22:53.893] [bmv2] [T] [thread 129879] [5.0] [cxt 0] p4c/goose_ids.p4(82) Primitive last_sqnum_reg.write(0, hdr.goose.sqnum)
[16:22:53.893] [bmv2] [T] [thread 129879] [5.0] [cxt 0] Wrote register 'last_sqnum_reg' at index 0 with value 100
[16:22:53.893] [bmv2] [T] [thread 129879] [5.0] [cxt 0] p4c/goose_ids.p4(83) Primitive last_timestamp_reg.write(0, hdr.goose.timestamp)
[16:22:53.893] [bmv2] [T] [thread 129879] [5.0] [cxt 0] Wrote register 'last_timestamp_reg' at index 0 with value 1778786573888
[16:22:53.893] [bmv2] [T] [thread 129879] [5.0] [cxt 0] p4c/goose_ids.p4(84) Primitive state_valid_reg.write(0, 1)
[16:22:53.893] [bmv2] [T] [thread 129879] [5.0] [cxt 0] Wrote register 'state_valid_reg' at index 0 with value 1
[16:22:53.893] [bmv2] [T] [thread 129879] [5.0] [cxt 0] p4c/goose_ids.p4(96) Condition "hdr.goose.sqnum < 5 && meta.tdiff > 1500000" (node_4) is false
[16:22:53.893] [bmv2] [T] [thread 129879] [5.0] [cxt 0] p4c/goose_ids.p4(100) Condition "hdr.goose.sqnum < 5 && hdr.goose.stnum < 30" (node_6) is false
[16:22:53.893] [bmv2] [T] [thread 129879] [5.0] [cxt 0] p4c/goose_ids.p4(104) Condition "hdr.goose.sqnum > 80 && meta.sqdiff > 100" (node_8) is true
[16:22:53.893] [bmv2] [T] [thread 129879] [5.0] [cxt 0] Applying table 'tbl_drop_packet_1'
[16:22:53.893] [bmv2] [D] [thread 129879] [5.0] [cxt 0] Looking up key:

[16:22:53.893] [bmv2] [D] [thread 129879] [5.0] [cxt 0] Table 'tbl_drop_packet_1': miss
[16:22:53.893] [bmv2] [D] [thread 129879] [5.0] [cxt 0] Action entry is MyIngress.drop_packet - 
[16:22:53.893] [bmv2] [T] [thread 129879] [5.0] [cxt 0] Action MyIngress.drop_packet
[16:22:53.893] [bmv2] [T] [thread 129879] [5.0] [cxt 0] p4c/goose_ids.p4(88) Primitive mark_to_drop(standard_metadata)
[16:22:53.893] [bmv2] [D] [thread 129879] [5.0] [cxt 0] Pipeline 'ingress': end
[16:22:53.893] [bmv2] [D] [thread 129879] [5.0] [cxt 0] Egress port is 511
[16:22:53.893] [bmv2] [D] [thread 129879] [5.0] [cxt 0] Dropping packet at the end of ingress
[16:24:25.949] [bmv2] [D] [thread 129879] [6.0] [cxt 0] Processing packet received on port 0
[16:24:25.949] [bmv2] [D] [thread 129879] [6.0] [cxt 0] Parser 'parser': start
[16:24:25.949] [bmv2] [D] [thread 129879] [6.0] [cxt 0] Parser 'parser' entering state 'start'
[16:24:25.949] [bmv2] [D] [thread 129879] [6.0] [cxt 0] Extracting header 'ethernet'
[16:24:25.949] [bmv2] [D] [thread 129879] [6.0] [cxt 0] Parser state 'start': key is 88b8
[16:24:25.949] [bmv2] [T] [thread 129879] [6.0] [cxt 0] Bytes parsed: 14
[16:24:25.949] [bmv2] [D] [thread 129879] [6.0] [cxt 0] Parser 'parser' entering state 'parse_goose'
[16:24:25.949] [bmv2] [D] [thread 129879] [6.0] [cxt 0] Extracting header 'goose'
[16:24:25.949] [bmv2] [D] [thread 129879] [6.0] [cxt 0] Parser state 'parse_goose' has no switch, going to default next state
[16:24:25.949] [bmv2] [T] [thread 129879] [6.0] [cxt 0] Bytes parsed: 34
[16:24:25.949] [bmv2] [D] [thread 129879] [6.0] [cxt 0] Parser 'parser': end
[16:24:25.949] [bmv2] [D] [thread 129879] [6.0] [cxt 0] Pipeline 'ingress': start
[16:24:25.949] [bmv2] [T] [thread 129879] [6.0] [cxt 0] p4c/goose_ids.p4(92) Condition "hdr.goose.isValid()" (node_2) is true
[16:24:25.949] [bmv2] [T] [thread 129879] [6.0] [cxt 0] Applying table 'tbl_update_state'
[16:24:25.949] [bmv2] [D] [thread 129879] [6.0] [cxt 0] Looking up key:

[16:24:25.949] [bmv2] [D] [thread 129879] [6.0] [cxt 0] Table 'tbl_update_state': miss
[16:24:25.949] [bmv2] [D] [thread 129879] [6.0] [cxt 0] Action entry is MyIngress.update_state - 
[16:24:25.949] [bmv2] [T] [thread 129879] [6.0] [cxt 0] Action MyIngress.update_state
[16:24:25.949] [bmv2] [T] [thread 129879] [6.0] [cxt 0] p4c/goose_ids.p4(64) Primitive last_stnum_reg.read(last_stnum, 0)
[16:24:25.949] [bmv2] [T] [thread 129879] [6.0] [cxt 0] Read register 'last_stnum_reg' at index 0 read value 50
[16:24:25.949] [bmv2] [T] [thread 129879] [6.0] [cxt 0] p4c/goose_ids.p4(65) Primitive last_sqnum_reg.read(last_sqnum, 0)
[16:24:25.949] [bmv2] [T] [thread 129879] [6.0] [cxt 0] Read register 'last_sqnum_reg' at index 0 read value 100
[16:24:25.949] [bmv2] [T] [thread 129879] [6.0] [cxt 0] p4c/goose_ids.p4(66) Primitive last_timestamp_reg.read(last_timestamp, 0)
[16:24:25.949] [bmv2] [T] [thread 129879] [6.0] [cxt 0] Read register 'last_timestamp_reg' at index 0 read value 1778786573888
[16:24:25.949] [bmv2] [T] [thread 129879] [6.0] [cxt 0] p4c/goose_ids.p4(67) Primitive state_valid_reg.read(state_valid, 0)
[16:24:25.949] [bmv2] [T] [thread 129879] [6.0] [cxt 0] Read register 'state_valid_reg' at index 0 read value 1
[16:24:25.949] [bmv2] [T] [thread 129879] [6.0] [cxt 0] p4c/goose_ids.p4(70) Primitive if
[16:24:25.949] [bmv2] [T] [thread 129879] [6.0] [cxt 0] p4c/goose_ids.p4(71) Primitive meta.sqdiff = hdr.goose.sqnum - last_sqnum
[16:24:25.949] [bmv2] [T] [thread 129879] [6.0] [cxt 0] p4c/goose_ids.p4(72) Primitive meta.stdiff = hdr.goose.stnum - last_stnum
[16:24:25.949] [bmv2] [T] [thread 129879] [6.0] [cxt 0] p4c/goose_ids.p4(73) Primitive meta.tdiff = (bit<32>)(hdr.goose.timestamp - last_timestamp)
[16:24:25.949] [bmv2] [T] [thread 129879] [6.0] [cxt 0] p4c/goose_ids.p4(70) Primitive if
[16:24:25.949] [bmv2] [T] [thread 129879] [6.0] [cxt 0] p4c/goose_ids.p4(81) Primitive last_stnum_reg.write(0, hdr.goose.stnum)
[16:24:25.949] [bmv2] [T] [thread 129879] [6.0] [cxt 0] Wrote register 'last_stnum_reg' at index 0 with value 100
[16:24:25.949] [bmv2] [T] [thread 129879] [6.0] [cxt 0] p4c/goose_ids.p4(82) Primitive last_sqnum_reg.write(0, hdr.goose.sqnum)
[16:24:25.949] [bmv2] [T] [thread 129879] [6.0] [cxt 0] Wrote register 'last_sqnum_reg' at index 0 with value 10
[16:24:25.949] [bmv2] [T] [thread 129879] [6.0] [cxt 0] p4c/goose_ids.p4(83) Primitive last_timestamp_reg.write(0, hdr.goose.timestamp)
[16:24:25.949] [bmv2] [T] [thread 129879] [6.0] [cxt 0] Wrote register 'last_timestamp_reg' at index 0 with value 1778786665940
[16:24:25.949] [bmv2] [T] [thread 129879] [6.0] [cxt 0] p4c/goose_ids.p4(84) Primitive state_valid_reg.write(0, 1)
[16:24:25.949] [bmv2] [T] [thread 129879] [6.0] [cxt 0] Wrote register 'state_valid_reg' at index 0 with value 1
[16:24:25.949] [bmv2] [T] [thread 129879] [6.0] [cxt 0] p4c/goose_ids.p4(96) Condition "hdr.goose.sqnum < 5 && meta.tdiff > 1500000" (node_4) is false
[16:24:25.949] [bmv2] [T] [thread 129879] [6.0] [cxt 0] p4c/goose_ids.p4(100) Condition "hdr.goose.sqnum < 5 && hdr.goose.stnum < 30" (node_6) is false
[16:24:25.949] [bmv2] [T] [thread 129879] [6.0] [cxt 0] p4c/goose_ids.p4(104) Condition "hdr.goose.sqnum > 80 && meta.sqdiff > 100" (node_8) is false
[16:24:25.949] [bmv2] [T] [thread 129879] [6.0] [cxt 0] p4c/goose_ids.p4(108) Condition "hdr.goose.sqnum > 55 && hdr.goose.stnum < 100" (node_10) is false
[16:24:25.949] [bmv2] [D] [thread 129879] [6.0] [cxt 0] Pipeline 'ingress': end
[16:24:25.949] [bmv2] [D] [thread 129879] [6.0] [cxt 0] Egress port is 0
[16:24:25.949] [bmv2] [D] [thread 129880] [6.0] [cxt 0] Pipeline 'egress': start
[16:24:25.949] [bmv2] [D] [thread 129880] [6.0] [cxt 0] Pipeline 'egress': end
[16:24:25.949] [bmv2] [D] [thread 129880] [6.0] [cxt 0] Deparser 'deparser': start
[16:24:25.949] [bmv2] [D] [thread 129880] [6.0] [cxt 0] Deparsing header 'ethernet'
[16:24:25.949] [bmv2] [D] [thread 129880] [6.0] [cxt 0] Deparsing header 'goose'
[16:24:25.949] [bmv2] [D] [thread 129880] [6.0] [cxt 0] Deparser 'deparser': end
[16:24:25.949] [bmv2] [D] [thread 129884] [6.0] [cxt 0] Transmitting packet of size 34 out of port 0
[16:24:26.470] [bmv2] [D] [thread 129879] [7.0] [cxt 0] Processing packet received on port 0
[16:24:26.470] [bmv2] [D] [thread 129879] [7.0] [cxt 0] Parser 'parser': start
[16:24:26.470] [bmv2] [D] [thread 129879] [7.0] [cxt 0] Parser 'parser' entering state 'start'
[16:24:26.470] [bmv2] [D] [thread 129879] [7.0] [cxt 0] Extracting header 'ethernet'
[16:24:26.470] [bmv2] [D] [thread 129879] [7.0] [cxt 0] Parser state 'start': key is 88b8
[16:24:26.470] [bmv2] [T] [thread 129879] [7.0] [cxt 0] Bytes parsed: 14
[16:24:26.470] [bmv2] [D] [thread 129879] [7.0] [cxt 0] Parser 'parser' entering state 'parse_goose'
[16:24:26.470] [bmv2] [D] [thread 129879] [7.0] [cxt 0] Extracting header 'goose'
[16:24:26.470] [bmv2] [D] [thread 129879] [7.0] [cxt 0] Parser state 'parse_goose' has no switch, going to default next state
[16:24:26.470] [bmv2] [T] [thread 129879] [7.0] [cxt 0] Bytes parsed: 34
[16:24:26.470] [bmv2] [D] [thread 129879] [7.0] [cxt 0] Parser 'parser': end
[16:24:26.470] [bmv2] [D] [thread 129879] [7.0] [cxt 0] Pipeline 'ingress': start
[16:24:26.470] [bmv2] [T] [thread 129879] [7.0] [cxt 0] p4c/goose_ids.p4(92) Condition "hdr.goose.isValid()" (node_2) is true
[16:24:26.470] [bmv2] [T] [thread 129879] [7.0] [cxt 0] Applying table 'tbl_update_state'
[16:24:26.470] [bmv2] [D] [thread 129879] [7.0] [cxt 0] Looking up key:

[16:24:26.470] [bmv2] [D] [thread 129879] [7.0] [cxt 0] Table 'tbl_update_state': miss
[16:24:26.470] [bmv2] [D] [thread 129879] [7.0] [cxt 0] Action entry is MyIngress.update_state - 
[16:24:26.470] [bmv2] [T] [thread 129879] [7.0] [cxt 0] Action MyIngress.update_state
[16:24:26.470] [bmv2] [T] [thread 129879] [7.0] [cxt 0] p4c/goose_ids.p4(64) Primitive last_stnum_reg.read(last_stnum, 0)
[16:24:26.470] [bmv2] [T] [thread 129879] [7.0] [cxt 0] Read register 'last_stnum_reg' at index 0 read value 100
[16:24:26.470] [bmv2] [T] [thread 129879] [7.0] [cxt 0] p4c/goose_ids.p4(65) Primitive last_sqnum_reg.read(last_sqnum, 0)
[16:24:26.470] [bmv2] [T] [thread 129879] [7.0] [cxt 0] Read register 'last_sqnum_reg' at index 0 read value 10
[16:24:26.470] [bmv2] [T] [thread 129879] [7.0] [cxt 0] p4c/goose_ids.p4(66) Primitive last_timestamp_reg.read(last_timestamp, 0)
[16:24:26.470] [bmv2] [T] [thread 129879] [7.0] [cxt 0] Read register 'last_timestamp_reg' at index 0 read value 1778786665940
[16:24:26.470] [bmv2] [T] [thread 129879] [7.0] [cxt 0] p4c/goose_ids.p4(67) Primitive state_valid_reg.read(state_valid, 0)
[16:24:26.470] [bmv2] [T] [thread 129879] [7.0] [cxt 0] Read register 'state_valid_reg' at index 0 read value 1
[16:24:26.470] [bmv2] [T] [thread 129879] [7.0] [cxt 0] p4c/goose_ids.p4(70) Primitive if
[16:24:26.470] [bmv2] [T] [thread 129879] [7.0] [cxt 0] p4c/goose_ids.p4(71) Primitive meta.sqdiff = hdr.goose.sqnum - last_sqnum
[16:24:26.470] [bmv2] [T] [thread 129879] [7.0] [cxt 0] p4c/goose_ids.p4(72) Primitive meta.stdiff = hdr.goose.stnum - last_stnum
[16:24:26.470] [bmv2] [T] [thread 129879] [7.0] [cxt 0] p4c/goose_ids.p4(73) Primitive meta.tdiff = (bit<32>)(hdr.goose.timestamp - last_timestamp)
[16:24:26.470] [bmv2] [T] [thread 129879] [7.0] [cxt 0] p4c/goose_ids.p4(70) Primitive if
[16:24:26.470] [bmv2] [T] [thread 129879] [7.0] [cxt 0] p4c/goose_ids.p4(81) Primitive last_stnum_reg.write(0, hdr.goose.stnum)
[16:24:26.470] [bmv2] [T] [thread 129879] [7.0] [cxt 0] Wrote register 'last_stnum_reg' at index 0 with value 20
[16:24:26.470] [bmv2] [T] [thread 129879] [7.0] [cxt 0] p4c/goose_ids.p4(82) Primitive last_sqnum_reg.write(0, hdr.goose.sqnum)
[16:24:26.470] [bmv2] [T] [thread 129879] [7.0] [cxt 0] Wrote register 'last_sqnum_reg' at index 0 with value 3
[16:24:26.470] [bmv2] [T] [thread 129879] [7.0] [cxt 0] p4c/goose_ids.p4(83) Primitive last_timestamp_reg.write(0, hdr.goose.timestamp)
[16:24:26.470] [bmv2] [T] [thread 129879] [7.0] [cxt 0] Wrote register 'last_timestamp_reg' at index 0 with value 1778786664965
[16:24:26.470] [bmv2] [T] [thread 129879] [7.0] [cxt 0] p4c/goose_ids.p4(84) Primitive state_valid_reg.write(0, 1)
[16:24:26.470] [bmv2] [T] [thread 129879] [7.0] [cxt 0] Wrote register 'state_valid_reg' at index 0 with value 1
[16:24:26.470] [bmv2] [T] [thread 129879] [7.0] [cxt 0] p4c/goose_ids.p4(96) Condition "hdr.goose.sqnum < 5 && meta.tdiff > 1500000" (node_4) is true
[16:24:26.470] [bmv2] [T] [thread 129879] [7.0] [cxt 0] Applying table 'tbl_drop_packet'
[16:24:26.470] [bmv2] [D] [thread 129879] [7.0] [cxt 0] Looking up key:

[16:24:26.470] [bmv2] [D] [thread 129879] [7.0] [cxt 0] Table 'tbl_drop_packet': miss
[16:24:26.470] [bmv2] [D] [thread 129879] [7.0] [cxt 0] Action entry is MyIngress.drop_packet - 
[16:24:26.470] [bmv2] [T] [thread 129879] [7.0] [cxt 0] Action MyIngress.drop_packet
[16:24:26.470] [bmv2] [T] [thread 129879] [7.0] [cxt 0] p4c/goose_ids.p4(88) Primitive mark_to_drop(standard_metadata)
[16:24:26.470] [bmv2] [D] [thread 129879] [7.0] [cxt 0] Pipeline 'ingress': end
[16:24:26.470] [bmv2] [D] [thread 129879] [7.0] [cxt 0] Egress port is 511
[16:24:26.470] [bmv2] [D] [thread 129879] [7.0] [cxt 0] Dropping packet at the end of ingress
[16:24:26.986] [bmv2] [D] [thread 129879] [8.0] [cxt 0] Processing packet received on port 0
[16:24:26.986] [bmv2] [D] [thread 129879] [8.0] [cxt 0] Parser 'parser': start
[16:24:26.986] [bmv2] [D] [thread 129879] [8.0] [cxt 0] Parser 'parser' entering state 'start'
[16:24:26.986] [bmv2] [D] [thread 129879] [8.0] [cxt 0] Extracting header 'ethernet'
[16:24:26.986] [bmv2] [D] [thread 129879] [8.0] [cxt 0] Parser state 'start': key is 88b8
[16:24:26.986] [bmv2] [T] [thread 129879] [8.0] [cxt 0] Bytes parsed: 14
[16:24:26.986] [bmv2] [D] [thread 129879] [8.0] [cxt 0] Parser 'parser' entering state 'parse_goose'
[16:24:26.986] [bmv2] [D] [thread 129879] [8.0] [cxt 0] Extracting header 'goose'
[16:24:26.986] [bmv2] [D] [thread 129879] [8.0] [cxt 0] Parser state 'parse_goose' has no switch, going to default next state
[16:24:26.986] [bmv2] [T] [thread 129879] [8.0] [cxt 0] Bytes parsed: 34
[16:24:26.986] [bmv2] [D] [thread 129879] [8.0] [cxt 0] Parser 'parser': end
[16:24:26.986] [bmv2] [D] [thread 129879] [8.0] [cxt 0] Pipeline 'ingress': start
[16:24:26.986] [bmv2] [T] [thread 129879] [8.0] [cxt 0] p4c/goose_ids.p4(92) Condition "hdr.goose.isValid()" (node_2) is true
[16:24:26.986] [bmv2] [T] [thread 129879] [8.0] [cxt 0] Applying table 'tbl_update_state'
[16:24:26.986] [bmv2] [D] [thread 129879] [8.0] [cxt 0] Looking up key:

[16:24:26.986] [bmv2] [D] [thread 129879] [8.0] [cxt 0] Table 'tbl_update_state': miss
[16:24:26.986] [bmv2] [D] [thread 129879] [8.0] [cxt 0] Action entry is MyIngress.update_state - 
[16:24:26.986] [bmv2] [T] [thread 129879] [8.0] [cxt 0] Action MyIngress.update_state
[16:24:26.986] [bmv2] [T] [thread 129879] [8.0] [cxt 0] p4c/goose_ids.p4(64) Primitive last_stnum_reg.read(last_stnum, 0)
[16:24:26.986] [bmv2] [T] [thread 129879] [8.0] [cxt 0] Read register 'last_stnum_reg' at index 0 read value 20
[16:24:26.986] [bmv2] [T] [thread 129879] [8.0] [cxt 0] p4c/goose_ids.p4(65) Primitive last_sqnum_reg.read(last_sqnum, 0)
[16:24:26.986] [bmv2] [T] [thread 129879] [8.0] [cxt 0] Read register 'last_sqnum_reg' at index 0 read value 3
[16:24:26.986] [bmv2] [T] [thread 129879] [8.0] [cxt 0] p4c/goose_ids.p4(66) Primitive last_timestamp_reg.read(last_timestamp, 0)
[16:24:26.986] [bmv2] [T] [thread 129879] [8.0] [cxt 0] Read register 'last_timestamp_reg' at index 0 read value 1778786664965
[16:24:26.986] [bmv2] [T] [thread 129879] [8.0] [cxt 0] p4c/goose_ids.p4(67) Primitive state_valid_reg.read(state_valid, 0)
[16:24:26.986] [bmv2] [T] [thread 129879] [8.0] [cxt 0] Read register 'state_valid_reg' at index 0 read value 1
[16:24:26.986] [bmv2] [T] [thread 129879] [8.0] [cxt 0] p4c/goose_ids.p4(70) Primitive if
[16:24:26.986] [bmv2] [T] [thread 129879] [8.0] [cxt 0] p4c/goose_ids.p4(71) Primitive meta.sqdiff = hdr.goose.sqnum - last_sqnum
[16:24:26.986] [bmv2] [T] [thread 129879] [8.0] [cxt 0] p4c/goose_ids.p4(72) Primitive meta.stdiff = hdr.goose.stnum - last_stnum
[16:24:26.986] [bmv2] [T] [thread 129879] [8.0] [cxt 0] p4c/goose_ids.p4(73) Primitive meta.tdiff = (bit<32>)(hdr.goose.timestamp - last_timestamp)
[16:24:26.986] [bmv2] [T] [thread 129879] [8.0] [cxt 0] p4c/goose_ids.p4(70) Primitive if
[16:24:26.986] [bmv2] [T] [thread 129879] [8.0] [cxt 0] p4c/goose_ids.p4(81) Primitive last_stnum_reg.write(0, hdr.goose.stnum)
[16:24:26.986] [bmv2] [T] [thread 129879] [8.0] [cxt 0] Wrote register 'last_stnum_reg' at index 0 with value 50
[16:24:26.986] [bmv2] [T] [thread 129879] [8.0] [cxt 0] p4c/goose_ids.p4(82) Primitive last_sqnum_reg.write(0, hdr.goose.sqnum)
[16:24:26.986] [bmv2] [T] [thread 129879] [8.0] [cxt 0] Wrote register 'last_sqnum_reg' at index 0 with value 2
[16:24:26.986] [bmv2] [T] [thread 129879] [8.0] [cxt 0] p4c/goose_ids.p4(83) Primitive last_timestamp_reg.write(0, hdr.goose.timestamp)
[16:24:26.986] [bmv2] [T] [thread 129879] [8.0] [cxt 0] Wrote register 'last_timestamp_reg' at index 0 with value 1778786664982
[16:24:26.986] [bmv2] [T] [thread 129879] [8.0] [cxt 0] p4c/goose_ids.p4(84) Primitive state_valid_reg.write(0, 1)
[16:24:26.986] [bmv2] [T] [thread 129879] [8.0] [cxt 0] Wrote register 'state_valid_reg' at index 0 with value 1
[16:24:26.986] [bmv2] [T] [thread 129879] [8.0] [cxt 0] p4c/goose_ids.p4(96) Condition "hdr.goose.sqnum < 5 && meta.tdiff > 1500000" (node_4) is false
[16:24:26.986] [bmv2] [T] [thread 129879] [8.0] [cxt 0] p4c/goose_ids.p4(100) Condition "hdr.goose.sqnum < 5 && hdr.goose.stnum < 30" (node_6) is false
[16:24:26.986] [bmv2] [T] [thread 129879] [8.0] [cxt 0] p4c/goose_ids.p4(104) Condition "hdr.goose.sqnum > 80 && meta.sqdiff > 100" (node_8) is false
[16:24:26.986] [bmv2] [T] [thread 129879] [8.0] [cxt 0] p4c/goose_ids.p4(108) Condition "hdr.goose.sqnum > 55 && hdr.goose.stnum < 100" (node_10) is false
[16:24:26.986] [bmv2] [D] [thread 129879] [8.0] [cxt 0] Pipeline 'ingress': end
[16:24:26.986] [bmv2] [D] [thread 129879] [8.0] [cxt 0] Egress port is 0
[16:24:26.986] [bmv2] [D] [thread 129880] [8.0] [cxt 0] Pipeline 'egress': start
[16:24:26.986] [bmv2] [D] [thread 129880] [8.0] [cxt 0] Pipeline 'egress': end
[16:24:26.986] [bmv2] [D] [thread 129880] [8.0] [cxt 0] Deparser 'deparser': start
[16:24:26.986] [bmv2] [D] [thread 129880] [8.0] [cxt 0] Deparsing header 'ethernet'
[16:24:26.986] [bmv2] [D] [thread 129880] [8.0] [cxt 0] Deparsing header 'goose'
[16:24:26.986] [bmv2] [D] [thread 129880] [8.0] [cxt 0] Deparser 'deparser': end
[16:24:26.986] [bmv2] [D] [thread 129884] [8.0] [cxt 0] Transmitting packet of size 34 out of port 0
[16:24:27.502] [bmv2] [D] [thread 129879] [9.0] [cxt 0] Processing packet received on port 0
[16:24:27.502] [bmv2] [D] [thread 129879] [9.0] [cxt 0] Parser 'parser': start
[16:24:27.502] [bmv2] [D] [thread 129879] [9.0] [cxt 0] Parser 'parser' entering state 'start'
[16:24:27.502] [bmv2] [D] [thread 129879] [9.0] [cxt 0] Extracting header 'ethernet'
[16:24:27.502] [bmv2] [D] [thread 129879] [9.0] [cxt 0] Parser state 'start': key is 88b8
[16:24:27.502] [bmv2] [T] [thread 129879] [9.0] [cxt 0] Bytes parsed: 14
[16:24:27.502] [bmv2] [D] [thread 129879] [9.0] [cxt 0] Parser 'parser' entering state 'parse_goose'
[16:24:27.502] [bmv2] [D] [thread 129879] [9.0] [cxt 0] Extracting header 'goose'
[16:24:27.502] [bmv2] [D] [thread 129879] [9.0] [cxt 0] Parser state 'parse_goose' has no switch, going to default next state
[16:24:27.502] [bmv2] [T] [thread 129879] [9.0] [cxt 0] Bytes parsed: 34
[16:24:27.502] [bmv2] [D] [thread 129879] [9.0] [cxt 0] Parser 'parser': end
[16:24:27.502] [bmv2] [D] [thread 129879] [9.0] [cxt 0] Pipeline 'ingress': start
[16:24:27.502] [bmv2] [T] [thread 129879] [9.0] [cxt 0] p4c/goose_ids.p4(92) Condition "hdr.goose.isValid()" (node_2) is true
[16:24:27.502] [bmv2] [T] [thread 129879] [9.0] [cxt 0] Applying table 'tbl_update_state'
[16:24:27.502] [bmv2] [D] [thread 129879] [9.0] [cxt 0] Looking up key:

[16:24:27.502] [bmv2] [D] [thread 129879] [9.0] [cxt 0] Table 'tbl_update_state': miss
[16:24:27.502] [bmv2] [D] [thread 129879] [9.0] [cxt 0] Action entry is MyIngress.update_state - 
[16:24:27.502] [bmv2] [T] [thread 129879] [9.0] [cxt 0] Action MyIngress.update_state
[16:24:27.502] [bmv2] [T] [thread 129879] [9.0] [cxt 0] p4c/goose_ids.p4(64) Primitive last_stnum_reg.read(last_stnum, 0)
[16:24:27.502] [bmv2] [T] [thread 129879] [9.0] [cxt 0] Read register 'last_stnum_reg' at index 0 read value 50
[16:24:27.502] [bmv2] [T] [thread 129879] [9.0] [cxt 0] p4c/goose_ids.p4(65) Primitive last_sqnum_reg.read(last_sqnum, 0)
[16:24:27.502] [bmv2] [T] [thread 129879] [9.0] [cxt 0] Read register 'last_sqnum_reg' at index 0 read value 2
[16:24:27.502] [bmv2] [T] [thread 129879] [9.0] [cxt 0] p4c/goose_ids.p4(66) Primitive last_timestamp_reg.read(last_timestamp, 0)
[16:24:27.502] [bmv2] [T] [thread 129879] [9.0] [cxt 0] Read register 'last_timestamp_reg' at index 0 read value 1778786664982
[16:24:27.502] [bmv2] [T] [thread 129879] [9.0] [cxt 0] p4c/goose_ids.p4(67) Primitive state_valid_reg.read(state_valid, 0)
[16:24:27.502] [bmv2] [T] [thread 129879] [9.0] [cxt 0] Read register 'state_valid_reg' at index 0 read value 1
[16:24:27.502] [bmv2] [T] [thread 129879] [9.0] [cxt 0] p4c/goose_ids.p4(70) Primitive if
[16:24:27.502] [bmv2] [T] [thread 129879] [9.0] [cxt 0] p4c/goose_ids.p4(71) Primitive meta.sqdiff = hdr.goose.sqnum - last_sqnum
[16:24:27.502] [bmv2] [T] [thread 129879] [9.0] [cxt 0] p4c/goose_ids.p4(72) Primitive meta.stdiff = hdr.goose.stnum - last_stnum
[16:24:27.502] [bmv2] [T] [thread 129879] [9.0] [cxt 0] p4c/goose_ids.p4(73) Primitive meta.tdiff = (bit<32>)(hdr.goose.timestamp - last_timestamp)
[16:24:27.502] [bmv2] [T] [thread 129879] [9.0] [cxt 0] p4c/goose_ids.p4(70) Primitive if
[16:24:27.502] [bmv2] [T] [thread 129879] [9.0] [cxt 0] p4c/goose_ids.p4(81) Primitive last_stnum_reg.write(0, hdr.goose.stnum)
[16:24:27.502] [bmv2] [T] [thread 129879] [9.0] [cxt 0] Wrote register 'last_stnum_reg' at index 0 with value 10
[16:24:27.502] [bmv2] [T] [thread 129879] [9.0] [cxt 0] p4c/goose_ids.p4(82) Primitive last_sqnum_reg.write(0, hdr.goose.sqnum)
[16:24:27.502] [bmv2] [T] [thread 129879] [9.0] [cxt 0] Wrote register 'last_sqnum_reg' at index 0 with value 50
[16:24:27.502] [bmv2] [T] [thread 129879] [9.0] [cxt 0] p4c/goose_ids.p4(83) Primitive last_timestamp_reg.write(0, hdr.goose.timestamp)
[16:24:27.502] [bmv2] [T] [thread 129879] [9.0] [cxt 0] Wrote register 'last_timestamp_reg' at index 0 with value 1778786667498
[16:24:27.502] [bmv2] [T] [thread 129879] [9.0] [cxt 0] p4c/goose_ids.p4(84) Primitive state_valid_reg.write(0, 1)
[16:24:27.502] [bmv2] [T] [thread 129879] [9.0] [cxt 0] Wrote register 'state_valid_reg' at index 0 with value 1
[16:24:27.502] [bmv2] [T] [thread 129879] [9.0] [cxt 0] p4c/goose_ids.p4(96) Condition "hdr.goose.sqnum < 5 && meta.tdiff > 1500000" (node_4) is false
[16:24:27.502] [bmv2] [T] [thread 129879] [9.0] [cxt 0] p4c/goose_ids.p4(100) Condition "hdr.goose.sqnum < 5 && hdr.goose.stnum < 30" (node_6) is false
[16:24:27.502] [bmv2] [T] [thread 129879] [9.0] [cxt 0] p4c/goose_ids.p4(104) Condition "hdr.goose.sqnum > 80 && meta.sqdiff > 100" (node_8) is false
[16:24:27.502] [bmv2] [T] [thread 129879] [9.0] [cxt 0] p4c/goose_ids.p4(108) Condition "hdr.goose.sqnum > 55 && hdr.goose.stnum < 100" (node_10) is false
[16:24:27.502] [bmv2] [D] [thread 129879] [9.0] [cxt 0] Pipeline 'ingress': end
[16:24:27.502] [bmv2] [D] [thread 129879] [9.0] [cxt 0] Egress port is 0
[16:24:27.502] [bmv2] [D] [thread 129880] [9.0] [cxt 0] Pipeline 'egress': start
[16:24:27.502] [bmv2] [D] [thread 129880] [9.0] [cxt 0] Pipeline 'egress': end
[16:24:27.502] [bmv2] [D] [thread 129880] [9.0] [cxt 0] Deparser 'deparser': start
[16:24:27.502] [bmv2] [D] [thread 129880] [9.0] [cxt 0] Deparsing header 'ethernet'
[16:24:27.502] [bmv2] [D] [thread 129880] [9.0] [cxt 0] Deparsing header 'goose'
[16:24:27.502] [bmv2] [D] [thread 129880] [9.0] [cxt 0] Deparser 'deparser': end
[16:24:27.502] [bmv2] [D] [thread 129884] [9.0] [cxt 0] Transmitting packet of size 34 out of port 0
[16:24:27.726] [bmv2] [D] [thread 129879] [10.0] [cxt 0] Processing packet received on port 0
[16:24:27.726] [bmv2] [D] [thread 129879] [10.0] [cxt 0] Parser 'parser': start
[16:24:27.726] [bmv2] [D] [thread 129879] [10.0] [cxt 0] Parser 'parser' entering state 'start'
[16:24:27.726] [bmv2] [D] [thread 129879] [10.0] [cxt 0] Extracting header 'ethernet'
[16:24:27.726] [bmv2] [D] [thread 129879] [10.0] [cxt 0] Parser state 'start': key is 88b8
[16:24:27.726] [bmv2] [T] [thread 129879] [10.0] [cxt 0] Bytes parsed: 14
[16:24:27.726] [bmv2] [D] [thread 129879] [10.0] [cxt 0] Parser 'parser' entering state 'parse_goose'
[16:24:27.726] [bmv2] [D] [thread 129879] [10.0] [cxt 0] Extracting header 'goose'
[16:24:27.726] [bmv2] [D] [thread 129879] [10.0] [cxt 0] Parser state 'parse_goose' has no switch, going to default next state
[16:24:27.726] [bmv2] [T] [thread 129879] [10.0] [cxt 0] Bytes parsed: 34
[16:24:27.726] [bmv2] [D] [thread 129879] [10.0] [cxt 0] Parser 'parser': end
[16:24:27.726] [bmv2] [D] [thread 129879] [10.0] [cxt 0] Pipeline 'ingress': start
[16:24:27.726] [bmv2] [T] [thread 129879] [10.0] [cxt 0] p4c/goose_ids.p4(92) Condition "hdr.goose.isValid()" (node_2) is true
[16:24:27.726] [bmv2] [T] [thread 129879] [10.0] [cxt 0] Applying table 'tbl_update_state'
[16:24:27.726] [bmv2] [D] [thread 129879] [10.0] [cxt 0] Looking up key:

[16:24:27.726] [bmv2] [D] [thread 129879] [10.0] [cxt 0] Table 'tbl_update_state': miss
[16:24:27.726] [bmv2] [D] [thread 129879] [10.0] [cxt 0] Action entry is MyIngress.update_state - 
[16:24:27.726] [bmv2] [T] [thread 129879] [10.0] [cxt 0] Action MyIngress.update_state
[16:24:27.726] [bmv2] [T] [thread 129879] [10.0] [cxt 0] p4c/goose_ids.p4(64) Primitive last_stnum_reg.read(last_stnum, 0)
[16:24:27.726] [bmv2] [T] [thread 129879] [10.0] [cxt 0] Read register 'last_stnum_reg' at index 0 read value 10
[16:24:27.726] [bmv2] [T] [thread 129879] [10.0] [cxt 0] p4c/goose_ids.p4(65) Primitive last_sqnum_reg.read(last_sqnum, 0)
[16:24:27.726] [bmv2] [T] [thread 129879] [10.0] [cxt 0] Read register 'last_sqnum_reg' at index 0 read value 50
[16:24:27.726] [bmv2] [T] [thread 129879] [10.0] [cxt 0] p4c/goose_ids.p4(66) Primitive last_timestamp_reg.read(last_timestamp, 0)
[16:24:27.726] [bmv2] [T] [thread 129879] [10.0] [cxt 0] Read register 'last_timestamp_reg' at index 0 read value 1778786667498
[16:24:27.726] [bmv2] [T] [thread 129879] [10.0] [cxt 0] p4c/goose_ids.p4(67) Primitive state_valid_reg.read(state_valid, 0)
[16:24:27.726] [bmv2] [T] [thread 129879] [10.0] [cxt 0] Read register 'state_valid_reg' at index 0 read value 1
[16:24:27.726] [bmv2] [T] [thread 129879] [10.0] [cxt 0] p4c/goose_ids.p4(70) Primitive if
[16:24:27.726] [bmv2] [T] [thread 129879] [10.0] [cxt 0] p4c/goose_ids.p4(71) Primitive meta.sqdiff = hdr.goose.sqnum - last_sqnum
[16:24:27.726] [bmv2] [T] [thread 129879] [10.0] [cxt 0] p4c/goose_ids.p4(72) Primitive meta.stdiff = hdr.goose.stnum - last_stnum
[16:24:27.726] [bmv2] [T] [thread 129879] [10.0] [cxt 0] p4c/goose_ids.p4(73) Primitive meta.tdiff = (bit<32>)(hdr.goose.timestamp - last_timestamp)
[16:24:27.726] [bmv2] [T] [thread 129879] [10.0] [cxt 0] p4c/goose_ids.p4(70) Primitive if
[16:24:27.726] [bmv2] [T] [thread 129879] [10.0] [cxt 0] p4c/goose_ids.p4(81) Primitive last_stnum_reg.write(0, hdr.goose.stnum)
[16:24:27.726] [bmv2] [T] [thread 129879] [10.0] [cxt 0] Wrote register 'last_stnum_reg' at index 0 with value 10
[16:24:27.726] [bmv2] [T] [thread 129879] [10.0] [cxt 0] p4c/goose_ids.p4(82) Primitive last_sqnum_reg.write(0, hdr.goose.sqnum)
[16:24:27.726] [bmv2] [T] [thread 129879] [10.0] [cxt 0] Wrote register 'last_sqnum_reg' at index 0 with value 170
[16:24:27.726] [bmv2] [T] [thread 129879] [10.0] [cxt 0] p4c/goose_ids.p4(83) Primitive last_timestamp_reg.write(0, hdr.goose.timestamp)
[16:24:27.726] [bmv2] [T] [thread 129879] [10.0] [cxt 0] Wrote register 'last_timestamp_reg' at index 0 with value 1778786667718
[16:24:27.726] [bmv2] [T] [thread 129879] [10.0] [cxt 0] p4c/goose_ids.p4(84) Primitive state_valid_reg.write(0, 1)
[16:24:27.726] [bmv2] [T] [thread 129879] [10.0] [cxt 0] Wrote register 'state_valid_reg' at index 0 with value 1
[16:24:27.726] [bmv2] [T] [thread 129879] [10.0] [cxt 0] p4c/goose_ids.p4(96) Condition "hdr.goose.sqnum < 5 && meta.tdiff > 1500000" (node_4) is false
[16:24:27.726] [bmv2] [T] [thread 129879] [10.0] [cxt 0] p4c/goose_ids.p4(100) Condition "hdr.goose.sqnum < 5 && hdr.goose.stnum < 30" (node_6) is false
[16:24:27.726] [bmv2] [T] [thread 129879] [10.0] [cxt 0] p4c/goose_ids.p4(104) Condition "hdr.goose.sqnum > 80 && meta.sqdiff > 100" (node_8) is true
[16:24:27.726] [bmv2] [T] [thread 129879] [10.0] [cxt 0] Applying table 'tbl_drop_packet_1'
[16:24:27.726] [bmv2] [D] [thread 129879] [10.0] [cxt 0] Looking up key:

[16:24:27.726] [bmv2] [D] [thread 129879] [10.0] [cxt 0] Table 'tbl_drop_packet_1': miss
[16:24:27.726] [bmv2] [D] [thread 129879] [10.0] [cxt 0] Action entry is MyIngress.drop_packet - 
[16:24:27.726] [bmv2] [T] [thread 129879] [10.0] [cxt 0] Action MyIngress.drop_packet
[16:24:27.726] [bmv2] [T] [thread 129879] [10.0] [cxt 0] p4c/goose_ids.p4(88) Primitive mark_to_drop(standard_metadata)
[16:24:27.726] [bmv2] [D] [thread 129879] [10.0] [cxt 0] Pipeline 'ingress': end
[16:24:27.726] [bmv2] [D] [thread 129879] [10.0] [cxt 0] Egress port is 511
[16:24:27.726] [bmv2] [D] [thread 129879] [10.0] [cxt 0] Dropping packet at the end of ingress
[16:24:28.245] [bmv2] [D] [thread 129879] [11.0] [cxt 0] Processing packet received on port 0
[16:24:28.245] [bmv2] [D] [thread 129879] [11.0] [cxt 0] Parser 'parser': start
[16:24:28.245] [bmv2] [D] [thread 129879] [11.0] [cxt 0] Parser 'parser' entering state 'start'
[16:24:28.245] [bmv2] [D] [thread 129879] [11.0] [cxt 0] Extracting header 'ethernet'
[16:24:28.245] [bmv2] [D] [thread 129879] [11.0] [cxt 0] Parser state 'start': key is 88b8
[16:24:28.245] [bmv2] [T] [thread 129879] [11.0] [cxt 0] Bytes parsed: 14
[16:24:28.245] [bmv2] [D] [thread 129879] [11.0] [cxt 0] Parser 'parser' entering state 'parse_goose'
[16:24:28.245] [bmv2] [D] [thread 129879] [11.0] [cxt 0] Extracting header 'goose'
[16:24:28.245] [bmv2] [D] [thread 129879] [11.0] [cxt 0] Parser state 'parse_goose' has no switch, going to default next state
[16:24:28.245] [bmv2] [T] [thread 129879] [11.0] [cxt 0] Bytes parsed: 34
[16:24:28.245] [bmv2] [D] [thread 129879] [11.0] [cxt 0] Parser 'parser': end
[16:24:28.245] [bmv2] [D] [thread 129879] [11.0] [cxt 0] Pipeline 'ingress': start
[16:24:28.245] [bmv2] [T] [thread 129879] [11.0] [cxt 0] p4c/goose_ids.p4(92) Condition "hdr.goose.isValid()" (node_2) is true
[16:24:28.245] [bmv2] [T] [thread 129879] [11.0] [cxt 0] Applying table 'tbl_update_state'
[16:24:28.245] [bmv2] [D] [thread 129879] [11.0] [cxt 0] Looking up key:

[16:24:28.245] [bmv2] [D] [thread 129879] [11.0] [cxt 0] Table 'tbl_update_state': miss
[16:24:28.245] [bmv2] [D] [thread 129879] [11.0] [cxt 0] Action entry is MyIngress.update_state - 
[16:24:28.245] [bmv2] [T] [thread 129879] [11.0] [cxt 0] Action MyIngress.update_state
[16:24:28.245] [bmv2] [T] [thread 129879] [11.0] [cxt 0] p4c/goose_ids.p4(64) Primitive last_stnum_reg.read(last_stnum, 0)
[16:24:28.245] [bmv2] [T] [thread 129879] [11.0] [cxt 0] Read register 'last_stnum_reg' at index 0 read value 10
[16:24:28.245] [bmv2] [T] [thread 129879] [11.0] [cxt 0] p4c/goose_ids.p4(65) Primitive last_sqnum_reg.read(last_sqnum, 0)
[16:24:28.245] [bmv2] [T] [thread 129879] [11.0] [cxt 0] Read register 'last_sqnum_reg' at index 0 read value 170
[16:24:28.245] [bmv2] [T] [thread 129879] [11.0] [cxt 0] p4c/goose_ids.p4(66) Primitive last_timestamp_reg.read(last_timestamp, 0)
[16:24:28.245] [bmv2] [T] [thread 129879] [11.0] [cxt 0] Read register 'last_timestamp_reg' at index 0 read value 1778786667718
[16:24:28.245] [bmv2] [T] [thread 129879] [11.0] [cxt 0] p4c/goose_ids.p4(67) Primitive state_valid_reg.read(state_valid, 0)
[16:24:28.245] [bmv2] [T] [thread 129879] [11.0] [cxt 0] Read register 'state_valid_reg' at index 0 read value 1
[16:24:28.245] [bmv2] [T] [thread 129879] [11.0] [cxt 0] p4c/goose_ids.p4(70) Primitive if
[16:24:28.245] [bmv2] [T] [thread 129879] [11.0] [cxt 0] p4c/goose_ids.p4(71) Primitive meta.sqdiff = hdr.goose.sqnum - last_sqnum
[16:24:28.245] [bmv2] [T] [thread 129879] [11.0] [cxt 0] p4c/goose_ids.p4(72) Primitive meta.stdiff = hdr.goose.stnum - last_stnum
[16:24:28.245] [bmv2] [T] [thread 129879] [11.0] [cxt 0] p4c/goose_ids.p4(73) Primitive meta.tdiff = (bit<32>)(hdr.goose.timestamp - last_timestamp)
[16:24:28.245] [bmv2] [T] [thread 129879] [11.0] [cxt 0] p4c/goose_ids.p4(70) Primitive if
[16:24:28.245] [bmv2] [T] [thread 129879] [11.0] [cxt 0] p4c/goose_ids.p4(81) Primitive last_stnum_reg.write(0, hdr.goose.stnum)
[16:24:28.245] [bmv2] [T] [thread 129879] [11.0] [cxt 0] Wrote register 'last_stnum_reg' at index 0 with value 50
[16:24:28.245] [bmv2] [T] [thread 129879] [11.0] [cxt 0] p4c/goose_ids.p4(82) Primitive last_sqnum_reg.write(0, hdr.goose.sqnum)
[16:24:28.245] [bmv2] [T] [thread 129879] [11.0] [cxt 0] Wrote register 'last_sqnum_reg' at index 0 with value 100
[16:24:28.245] [bmv2] [T] [thread 129879] [11.0] [cxt 0] p4c/goose_ids.p4(83) Primitive last_timestamp_reg.write(0, hdr.goose.timestamp)
[16:24:28.245] [bmv2] [T] [thread 129879] [11.0] [cxt 0] Wrote register 'last_timestamp_reg' at index 0 with value 1778786668236
[16:24:28.245] [bmv2] [T] [thread 129879] [11.0] [cxt 0] p4c/goose_ids.p4(84) Primitive state_valid_reg.write(0, 1)
[16:24:28.245] [bmv2] [T] [thread 129879] [11.0] [cxt 0] Wrote register 'state_valid_reg' at index 0 with value 1
[16:24:28.245] [bmv2] [T] [thread 129879] [11.0] [cxt 0] p4c/goose_ids.p4(96) Condition "hdr.goose.sqnum < 5 && meta.tdiff > 1500000" (node_4) is false
[16:24:28.245] [bmv2] [T] [thread 129879] [11.0] [cxt 0] p4c/goose_ids.p4(100) Condition "hdr.goose.sqnum < 5 && hdr.goose.stnum < 30" (node_6) is false
[16:24:28.245] [bmv2] [T] [thread 129879] [11.0] [cxt 0] p4c/goose_ids.p4(104) Condition "hdr.goose.sqnum > 80 && meta.sqdiff > 100" (node_8) is true
[16:24:28.245] [bmv2] [T] [thread 129879] [11.0] [cxt 0] Applying table 'tbl_drop_packet_1'
[16:24:28.245] [bmv2] [D] [thread 129879] [11.0] [cxt 0] Looking up key:

[16:24:28.245] [bmv2] [D] [thread 129879] [11.0] [cxt 0] Table 'tbl_drop_packet_1': miss
[16:24:28.245] [bmv2] [D] [thread 129879] [11.0] [cxt 0] Action entry is MyIngress.drop_packet - 
[16:24:28.245] [bmv2] [T] [thread 129879] [11.0] [cxt 0] Action MyIngress.drop_packet
[16:24:28.245] [bmv2] [T] [thread 129879] [11.0] [cxt 0] p4c/goose_ids.p4(88) Primitive mark_to_drop(standard_metadata)
[16:24:28.245] [bmv2] [D] [thread 129879] [11.0] [cxt 0] Pipeline 'ingress': end
[16:24:28.245] [bmv2] [D] [thread 129879] [11.0] [cxt 0] Egress port is 511
[16:24:28.245] [bmv2] [D] [thread 129879] [11.0] [cxt 0] Dropping packet at the end of ingress
[16:45:41.267] [bmv2] [D] [thread 129879] [12.0] [cxt 0] Processing packet received on port 0
[16:45:41.267] [bmv2] [D] [thread 129879] [12.0] [cxt 0] Parser 'parser': start
[16:45:41.267] [bmv2] [D] [thread 129879] [12.0] [cxt 0] Parser 'parser' entering state 'start'
[16:45:41.267] [bmv2] [D] [thread 129879] [12.0] [cxt 0] Extracting header 'ethernet'
[16:45:41.267] [bmv2] [D] [thread 129879] [12.0] [cxt 0] Parser state 'start': key is 86dd
[16:45:41.267] [bmv2] [T] [thread 129879] [12.0] [cxt 0] Bytes parsed: 14
[16:45:41.267] [bmv2] [D] [thread 129879] [12.0] [cxt 0] Parser 'parser': end
[16:45:41.267] [bmv2] [D] [thread 129879] [12.0] [cxt 0] Pipeline 'ingress': start
[16:45:41.267] [bmv2] [T] [thread 129879] [12.0] [cxt 0] p4c/goose_ids.p4(92) Condition "hdr.goose.isValid()" (node_2) is false
[16:45:41.267] [bmv2] [D] [thread 129879] [12.0] [cxt 0] Pipeline 'ingress': end
[16:45:41.267] [bmv2] [D] [thread 129879] [12.0] [cxt 0] Egress port is 0
[16:45:41.267] [bmv2] [D] [thread 129880] [12.0] [cxt 0] Pipeline 'egress': start
[16:45:41.267] [bmv2] [D] [thread 129880] [12.0] [cxt 0] Pipeline 'egress': end
[16:45:41.267] [bmv2] [D] [thread 129880] [12.0] [cxt 0] Deparser 'deparser': start
[16:45:41.267] [bmv2] [D] [thread 129880] [12.0] [cxt 0] Deparsing header 'ethernet'
[16:45:41.267] [bmv2] [D] [thread 129880] [12.0] [cxt 0] Deparser 'deparser': end
[16:45:41.267] [bmv2] [D] [thread 129884] [12.0] [cxt 0] Transmitting packet of size 70 out of port 0
[16:52:14.483] [bmv2] [D] [thread 129879] [13.0] [cxt 0] Processing packet received on port 1
[16:52:14.483] [bmv2] [D] [thread 129879] [13.0] [cxt 0] Parser 'parser': start
[16:52:14.483] [bmv2] [D] [thread 129879] [13.0] [cxt 0] Parser 'parser' entering state 'start'
[16:52:14.483] [bmv2] [D] [thread 129879] [13.0] [cxt 0] Extracting header 'ethernet'
[16:52:14.483] [bmv2] [D] [thread 129879] [13.0] [cxt 0] Parser state 'start': key is 86dd
[16:52:14.483] [bmv2] [T] [thread 129879] [13.0] [cxt 0] Bytes parsed: 14
[16:52:14.483] [bmv2] [D] [thread 129879] [13.0] [cxt 0] Parser 'parser': end
[16:52:14.483] [bmv2] [D] [thread 129879] [13.0] [cxt 0] Pipeline 'ingress': start
[16:52:14.483] [bmv2] [T] [thread 129879] [13.0] [cxt 0] p4c/goose_ids.p4(92) Condition "hdr.goose.isValid()" (node_2) is false
[16:52:14.483] [bmv2] [D] [thread 129879] [13.0] [cxt 0] Pipeline 'ingress': end
[16:52:14.483] [bmv2] [D] [thread 129879] [13.0] [cxt 0] Egress port is 0
[16:52:14.483] [bmv2] [D] [thread 129880] [13.0] [cxt 0] Pipeline 'egress': start
[16:52:14.483] [bmv2] [D] [thread 129880] [13.0] [cxt 0] Pipeline 'egress': end
[16:52:14.483] [bmv2] [D] [thread 129880] [13.0] [cxt 0] Deparser 'deparser': start
[16:52:14.483] [bmv2] [D] [thread 129880] [13.0] [cxt 0] Deparsing header 'ethernet'
[16:52:14.483] [bmv2] [D] [thread 129880] [13.0] [cxt 0] Deparser 'deparser': end
[16:52:14.483] [bmv2] [D] [thread 129884] [13.0] [cxt 0] Transmitting packet of size 70 out of port 0
[16:52:45.776] [bmv2] [D] [thread 129879] [14.0] [cxt 0] Processing packet received on port 0
[16:52:45.776] [bmv2] [D] [thread 129879] [14.0] [cxt 0] Parser 'parser': start
[16:52:45.776] [bmv2] [D] [thread 129879] [14.0] [cxt 0] Parser 'parser' entering state 'start'
[16:52:45.776] [bmv2] [D] [thread 129879] [14.0] [cxt 0] Extracting header 'ethernet'
[16:52:45.776] [bmv2] [D] [thread 129879] [14.0] [cxt 0] Parser state 'start': key is 86dd
[16:52:45.776] [bmv2] [T] [thread 129879] [14.0] [cxt 0] Bytes parsed: 14
[16:52:45.776] [bmv2] [D] [thread 129879] [14.0] [cxt 0] Parser 'parser': end
[16:52:45.776] [bmv2] [D] [thread 129879] [14.0] [cxt 0] Pipeline 'ingress': start
[16:52:45.776] [bmv2] [T] [thread 129879] [14.0] [cxt 0] p4c/goose_ids.p4(92) Condition "hdr.goose.isValid()" (node_2) is false
[16:52:45.776] [bmv2] [D] [thread 129879] [14.0] [cxt 0] Pipeline 'ingress': end
[16:52:45.776] [bmv2] [D] [thread 129879] [14.0] [cxt 0] Egress port is 0
[16:52:45.776] [bmv2] [D] [thread 129880] [14.0] [cxt 0] Pipeline 'egress': start
[16:52:45.776] [bmv2] [D] [thread 129880] [14.0] [cxt 0] Pipeline 'egress': end
[16:52:45.776] [bmv2] [D] [thread 129880] [14.0] [cxt 0] Deparser 'deparser': start
[16:52:45.776] [bmv2] [D] [thread 129880] [14.0] [cxt 0] Deparsing header 'ethernet'
[16:52:45.776] [bmv2] [D] [thread 129880] [14.0] [cxt 0] Deparser 'deparser': end
[16:52:45.776] [bmv2] [D] [thread 129884] [14.0] [cxt 0] Transmitting packet of size 113 out of port 0
[16:52:46.041] [bmv2] [D] [thread 129879] [15.0] [cxt 0] Processing packet received on port 0
[16:52:46.041] [bmv2] [D] [thread 129879] [15.0] [cxt 0] Parser 'parser': start
[16:52:46.041] [bmv2] [D] [thread 129879] [15.0] [cxt 0] Parser 'parser' entering state 'start'
[16:52:46.041] [bmv2] [D] [thread 129879] [15.0] [cxt 0] Extracting header 'ethernet'
[16:52:46.041] [bmv2] [D] [thread 129879] [15.0] [cxt 0] Parser state 'start': key is 86dd
[16:52:46.041] [bmv2] [T] [thread 129879] [15.0] [cxt 0] Bytes parsed: 14
[16:52:46.041] [bmv2] [D] [thread 129879] [15.0] [cxt 0] Parser 'parser': end
[16:52:46.041] [bmv2] [D] [thread 129879] [15.0] [cxt 0] Pipeline 'ingress': start
[16:52:46.041] [bmv2] [T] [thread 129879] [15.0] [cxt 0] p4c/goose_ids.p4(92) Condition "hdr.goose.isValid()" (node_2) is false
[16:52:46.041] [bmv2] [D] [thread 129879] [15.0] [cxt 0] Pipeline 'ingress': end
[16:52:46.041] [bmv2] [D] [thread 129879] [15.0] [cxt 0] Egress port is 0
[16:52:46.041] [bmv2] [D] [thread 129880] [15.0] [cxt 0] Pipeline 'egress': start
[16:52:46.041] [bmv2] [D] [thread 129880] [15.0] [cxt 0] Pipeline 'egress': end
[16:52:46.041] [bmv2] [D] [thread 129880] [15.0] [cxt 0] Deparser 'deparser': start
[16:52:46.041] [bmv2] [D] [thread 129880] [15.0] [cxt 0] Deparsing header 'ethernet'
[16:52:46.041] [bmv2] [D] [thread 129880] [15.0] [cxt 0] Deparser 'deparser': end
[16:52:46.041] [bmv2] [D] [thread 129884] [15.0] [cxt 0] Transmitting packet of size 113 out of port 0
[16:52:47.251] [bmv2] [D] [thread 129879] [16.0] [cxt 0] Processing packet received on port 1
[16:52:47.251] [bmv2] [D] [thread 129879] [16.0] [cxt 0] Parser 'parser': start
[16:52:47.251] [bmv2] [D] [thread 129879] [16.0] [cxt 0] Parser 'parser' entering state 'start'
[16:52:47.251] [bmv2] [D] [thread 129879] [16.0] [cxt 0] Extracting header 'ethernet'
[16:52:47.251] [bmv2] [D] [thread 129879] [16.0] [cxt 0] Parser state 'start': key is 86dd
[16:52:47.251] [bmv2] [T] [thread 129879] [16.0] [cxt 0] Bytes parsed: 14
[16:52:47.251] [bmv2] [D] [thread 129879] [16.0] [cxt 0] Parser 'parser': end
[16:52:47.251] [bmv2] [D] [thread 129879] [16.0] [cxt 0] Pipeline 'ingress': start
[16:52:47.251] [bmv2] [T] [thread 129879] [16.0] [cxt 0] p4c/goose_ids.p4(92) Condition "hdr.goose.isValid()" (node_2) is false
[16:52:47.251] [bmv2] [D] [thread 129879] [16.0] [cxt 0] Pipeline 'ingress': end
[16:52:47.251] [bmv2] [D] [thread 129879] [16.0] [cxt 0] Egress port is 0
[16:52:47.251] [bmv2] [D] [thread 129880] [16.0] [cxt 0] Pipeline 'egress': start
[16:52:47.251] [bmv2] [D] [thread 129880] [16.0] [cxt 0] Pipeline 'egress': end
[16:52:47.251] [bmv2] [D] [thread 129880] [16.0] [cxt 0] Deparser 'deparser': start
[16:52:47.251] [bmv2] [D] [thread 129880] [16.0] [cxt 0] Deparsing header 'ethernet'
[16:52:47.251] [bmv2] [D] [thread 129880] [16.0] [cxt 0] Deparser 'deparser': end
[16:52:47.251] [bmv2] [D] [thread 129884] [16.0] [cxt 0] Transmitting packet of size 70 out of port 0
[16:52:58.963] [bmv2] [D] [thread 129879] [17.0] [cxt 0] Processing packet received on port 1
[16:52:58.963] [bmv2] [D] [thread 129879] [17.0] [cxt 0] Parser 'parser': start
[16:52:58.963] [bmv2] [D] [thread 129879] [17.0] [cxt 0] Parser 'parser' entering state 'start'
[16:52:58.963] [bmv2] [D] [thread 129879] [17.0] [cxt 0] Extracting header 'ethernet'
[16:52:58.963] [bmv2] [D] [thread 129879] [17.0] [cxt 0] Parser state 'start': key is 86dd
[16:52:58.963] [bmv2] [T] [thread 129879] [17.0] [cxt 0] Bytes parsed: 14
[16:52:58.963] [bmv2] [D] [thread 129879] [17.0] [cxt 0] Parser 'parser': end
[16:52:58.963] [bmv2] [D] [thread 129879] [17.0] [cxt 0] Pipeline 'ingress': start
[16:52:58.963] [bmv2] [T] [thread 129879] [17.0] [cxt 0] p4c/goose_ids.p4(92) Condition "hdr.goose.isValid()" (node_2) is false
[16:52:58.963] [bmv2] [D] [thread 129879] [17.0] [cxt 0] Pipeline 'ingress': end
[16:52:58.963] [bmv2] [D] [thread 129879] [17.0] [cxt 0] Egress port is 0
[16:52:58.963] [bmv2] [D] [thread 129880] [17.0] [cxt 0] Pipeline 'egress': start
[16:52:58.963] [bmv2] [D] [thread 129880] [17.0] [cxt 0] Pipeline 'egress': end
[16:52:58.963] [bmv2] [D] [thread 129880] [17.0] [cxt 0] Deparser 'deparser': start
[16:52:58.963] [bmv2] [D] [thread 129880] [17.0] [cxt 0] Deparsing header 'ethernet'
[16:52:58.963] [bmv2] [D] [thread 129880] [17.0] [cxt 0] Deparser 'deparser': end
[16:52:58.963] [bmv2] [D] [thread 129884] [17.0] [cxt 0] Transmitting packet of size 113 out of port 0
[16:58:14.931] [bmv2] [D] [thread 129879] [18.0] [cxt 0] Processing packet received on port 0
[16:58:14.931] [bmv2] [D] [thread 129879] [18.0] [cxt 0] Parser 'parser': start
[16:58:14.931] [bmv2] [D] [thread 129879] [18.0] [cxt 0] Parser 'parser' entering state 'start'
[16:58:14.931] [bmv2] [D] [thread 129879] [18.0] [cxt 0] Extracting header 'ethernet'
[16:58:14.931] [bmv2] [D] [thread 129879] [18.0] [cxt 0] Parser state 'start': key is 86dd
[16:58:14.931] [bmv2] [T] [thread 129879] [18.0] [cxt 0] Bytes parsed: 14
[16:58:14.931] [bmv2] [D] [thread 129879] [18.0] [cxt 0] Parser 'parser': end
[16:58:14.931] [bmv2] [D] [thread 129879] [18.0] [cxt 0] Pipeline 'ingress': start
[16:58:14.931] [bmv2] [T] [thread 129879] [18.0] [cxt 0] p4c/goose_ids.p4(92) Condition "hdr.goose.isValid()" (node_2) is false
[16:58:14.931] [bmv2] [D] [thread 129879] [18.0] [cxt 0] Pipeline 'ingress': end
[16:58:14.931] [bmv2] [D] [thread 129879] [18.0] [cxt 0] Egress port is 0
[16:58:14.931] [bmv2] [D] [thread 129880] [18.0] [cxt 0] Pipeline 'egress': start
[16:58:14.931] [bmv2] [D] [thread 129880] [18.0] [cxt 0] Pipeline 'egress': end
[16:58:14.931] [bmv2] [D] [thread 129880] [18.0] [cxt 0] Deparser 'deparser': start
[16:58:14.931] [bmv2] [D] [thread 129880] [18.0] [cxt 0] Deparsing header 'ethernet'
[16:58:14.931] [bmv2] [D] [thread 129880] [18.0] [cxt 0] Deparser 'deparser': end
[16:58:14.931] [bmv2] [D] [thread 129884] [18.0] [cxt 0] Transmitting packet of size 70 out of port 0
